<html>
<body>
<pre>
<h1>µVision Build Log</h1>
<h2>Tool Versions:</h2>
IDE-Version: µVision V5.31.0.0
Copyright (C) 2020 ARM Ltd and ARM Germany GmbH. All rights reserved.
License Information: Armand LELONG, Polytech Sorbonne, LIC=----
 
Tool Versions:
Toolchain:       MDK-Lite  Version: 5.31.0.0
Toolchain Path:  C:\Keil_v5\ARM\ARMCC\Bin
C Compiler:      Armcc.exe V5.06 update 6 (build 750)
Assembler:       Armasm.exe V5.06 update 6 (build 750)
Linker/Locator:  ArmLink.exe V5.06 update 6 (build 750)
Library Manager: ArmAr.exe V5.06 update 6 (build 750)
Hex Converter:   FromElf.exe V5.06 update 6 (build 750)
CPU DLL:         SARMCM3.DLL V5.31.0.0
Dialog DLL:      DARMP1.DLL V1.27.0.0
Target DLL:      CMSIS_AGDI.dll V1.32.6.0
Dialog DLL:      TARMP1.DLL V1.26.0.0
 
<h2>Project:</h2>
C:\Users\711ar\OneDrive\Documents\AVANCMENT arrow-mind-main\AVANCMENT arrow-mind-main\AVANCMENT arrow-mind-main\AVANCMENT arrow-mind-main\arrow-mind-main\src\FreeRTOS\Demo\ARM7_LPC1769_Keil_RVDS\RTOS_demo.uvprojx
Project File Date:  05/01/2024

<h2>Output:</h2>
*** Using Compiler 'V5.06 update 6 (build 750)', folder: 'C:\Keil_v5\ARM\ARMCC\Bin'
Rebuild target 'FILES'
assembling startup_LPC17xx.s...
compiling system_LPC17xx.c...
compiling port.c...
compiling list.c...
compiling myTasks.c...
compiling heap_2.c...
compiling queue.c...
compiling tasks.c...
compiling main.c...
main.c(157): warning:  #186-D: pointless comparison of unsigned integer with zero
      if (currentInput >= UP && currentInput <= LEFT) {
main.c(153): warning:  #177-D: variable "i"  was declared but never referenced
  		int i;
main.c(643): warning:  #188-D: enumerated type mixed with another type
                      displaySequenceAndInput(currentInput);
main.c: 3 warnings, 0 errors
linking...
Program Size: Code=5424 RO-data=2336 RW-data=204 ZI-data=1548  
".\Objects\RTOS_demo.axf" - 0 Error(s), 3 Warning(s).

<h2>Software Packages used:</h2>

Package Vendor: ARM
                http://www.keil.com/pack/ARM.CMSIS.5.7.0.pack
                ARM.CMSIS.5.7.0
                CMSIS (Cortex Microcontroller Software Interface Standard)
   * Component: CORE Version: 5.4.0

Package Vendor: Keil
                http://www.keil.com/pack/Keil.LPC1700_DFP.2.7.1.pack
                Keil.LPC1700_DFP.2.7.1
                NXP LPC1700 Series Device Support, Drivers and Examples for MCB1700 and LPC1788-32
   * Component: Startup Version: 1.0.0

<h2>Collection of Component include folders:</h2>
  .\RTE\Device\LPC1769
  .\RTE\_FILES
  C:\Users\711ar\AppData\Local\Arm\Packs\ARM\CMSIS\5.7.0\CMSIS\Core\Include
  C:\Users\711ar\AppData\Local\Arm\Packs\Keil\LPC1700_DFP\2.7.1\Device\Include

<h2>Collection of Component Files used:</h2>

   * Component: ARM::CMSIS:CORE:5.4.0

   * Component: Keil::Device:Startup:1.0.0
      Source file:   Device\Source\system_LPC17xx.c
      Source file:   Device\Source\ARM\startup_LPC17xx.s
      Include file:  Device\Include\LPC17xx.h
      Include file:  RTE_Driver\Config\RTE_Device.h
Build Time Elapsed:  00:00:01
</pre>
</body>
</html>
