<html>
<body>
<pre>
<h1>µVision Build Log</h1>
<h2>Tool Versions:</h2>
IDE-Version: µVision V5.31.0.0
Copyright (C) 2020 ARM Ltd and ARM Germany GmbH. All rights reserved.
License Information: Bras Francis, upmc, LIC=----
 
Tool Versions:
Toolchain:       MDK-Lite  Version: 5.31.0.0
Toolchain Path:  C:\Keil_v5\ARM\ARMCC\Bin
C Compiler:      Armcc.exe V5.06 update 6 (build 750)
Assembler:       Armasm.exe V5.06 update 6 (build 750)
Linker/Locator:  ArmLink.exe V5.06 update 6 (build 750)
Library Manager: ArmAr.exe V5.06 update 6 (build 750)
Hex Converter:   FromElf.exe V5.06 update 6 (build 750)
CPU DLL:         SARMCM3.DLL V5.31.0.0
Dialog DLL:      DARMP1.DLL V1.27.0.0
Target DLL:      CMSIS_AGDI.dll V1.32.6.0
Dialog DLL:      TARMP1.DLL V1.26.0.0
 
<h2>Project:</h2>
G:\fac\RTOS\RTOS2022\SEQUENCEMENT_EI_SE\TP1\TP1_FREERTOS\Demo\ARM7_LPC1769_Keil_RVDS\RTOSDemo.uvproj
Project File Date:  10/10/2021

<h2>Output:</h2>
*** Using Compiler 'V5.06 update 6 (build 750)', folder: 'C:\Keil_v5\ARM\ARMCC\Bin'
Rebuild target 'RTOSDemo_THUMB'
creating preprocessor file for myTasks.c...
creating preprocessor file for list.c...
creating preprocessor file for main.c...
creating preprocessor file for tasks.c...
compiling main.c...
compiling myTasks.c...
myTasks.c(36): warning:  #177-D: variable "var_static_fonction"  was declared but never referenced
  { static unsigned char var_static_fonction =0;
myTasks.c(37): warning:  #177-D: variable "var_fonction"  was declared but never referenced
  	unsigned char var_fonction =  *( (unsigned char*)pvParameters);
myTasks.c: 2 warnings, 0 errors
compiling tasks.c...
creating preprocessor file for queue.c...
creating preprocessor file for heap_2.c...
creating preprocessor file for port.c...
assembling keil_freertos_startup_lpc17xx40xx.s...
compiling list.c...
creating preprocessor file for system_LPC17xx.c...
compiling heap_2.c...
compiling port.c...
compiling queue.c...
compiling system_LPC17xx.c...
linking...
Program Size: Code=6620 RO-data=236 RW-data=96 ZI-data=25368  
FromELF: creating hex file...
".\bin\RTOSDemo.axf" - 0 Error(s), 2 Warning(s).
Build Time Elapsed:  00:00:00
</pre>
</body>
</html>
