Component: ARM Compiler 5.06 update 6 (build 750) Tool: armlink [4d35ed]

==============================================================================

Section Cross References

    queue.o(i.prvCopyDataFromQueue) refers to rt_memcpy_v6.o(.text) for __aeabi_memcpy
    queue.o(i.prvCopyDataToQueue) refers to rt_memcpy_v6.o(.text) for __aeabi_memcpy
    queue.o(i.prvInitialiseNewQueue) refers to queue.o(i.xQueueGenericReset) for xQueueGenericReset
    queue.o(i.prvIsQueueEmpty) refers to port.o(i.vPortEnterCritical) for vPortEnterCritical
    queue.o(i.prvIsQueueEmpty) refers to port.o(i.vPortExitCritical) for vPortExitCritical
    queue.o(i.prvIsQueueFull) refers to port.o(i.vPortEnterCritical) for vPortEnterCritical
    queue.o(i.prvIsQueueFull) refers to port.o(i.vPortExitCritical) for vPortExitCritical
    queue.o(i.prvUnlockQueue) refers to port.o(i.vPortEnterCritical) for vPortEnterCritical
    queue.o(i.prvUnlockQueue) refers to tasks.o(i.xTaskRemoveFromEventList) for xTaskRemoveFromEventList
    queue.o(i.prvUnlockQueue) refers to tasks.o(i.vTaskMissedYield) for vTaskMissedYield
    queue.o(i.prvUnlockQueue) refers to port.o(i.vPortExitCritical) for vPortExitCritical
    queue.o(i.uxQueueMessagesWaiting) refers to port.o(i.vPortEnterCritical) for vPortEnterCritical
    queue.o(i.uxQueueMessagesWaiting) refers to port.o(i.vPortExitCritical) for vPortExitCritical
    queue.o(i.uxQueueSpacesAvailable) refers to port.o(i.vPortEnterCritical) for vPortEnterCritical
    queue.o(i.uxQueueSpacesAvailable) refers to port.o(i.vPortExitCritical) for vPortExitCritical
    queue.o(i.vQueueDelete) refers to heap_2.o(i.vPortFree) for vPortFree
    queue.o(i.xQueueGenericCreate) refers to heap_2.o(i.pvPortMalloc) for pvPortMalloc
    queue.o(i.xQueueGenericCreate) refers to queue.o(i.prvInitialiseNewQueue) for prvInitialiseNewQueue
    queue.o(i.xQueueGenericReset) refers to port.o(i.vPortEnterCritical) for vPortEnterCritical
    queue.o(i.xQueueGenericReset) refers to tasks.o(i.xTaskRemoveFromEventList) for xTaskRemoveFromEventList
    queue.o(i.xQueueGenericReset) refers to list.o(i.vListInitialise) for vListInitialise
    queue.o(i.xQueueGenericReset) refers to port.o(i.vPortExitCritical) for vPortExitCritical
    queue.o(i.xQueueGenericSend) refers to port.o(i.vPortEnterCritical) for vPortEnterCritical
    queue.o(i.xQueueGenericSend) refers to queue.o(i.prvCopyDataToQueue) for prvCopyDataToQueue
    queue.o(i.xQueueGenericSend) refers to tasks.o(i.xTaskRemoveFromEventList) for xTaskRemoveFromEventList
    queue.o(i.xQueueGenericSend) refers to port.o(i.vPortExitCritical) for vPortExitCritical
    queue.o(i.xQueueGenericSend) refers to tasks.o(i.vTaskInternalSetTimeOutState) for vTaskInternalSetTimeOutState
    queue.o(i.xQueueGenericSend) refers to tasks.o(i.vTaskSuspendAll) for vTaskSuspendAll
    queue.o(i.xQueueGenericSend) refers to tasks.o(i.xTaskCheckForTimeOut) for xTaskCheckForTimeOut
    queue.o(i.xQueueGenericSend) refers to queue.o(i.prvIsQueueFull) for prvIsQueueFull
    queue.o(i.xQueueGenericSend) refers to tasks.o(i.vTaskPlaceOnEventList) for vTaskPlaceOnEventList
    queue.o(i.xQueueGenericSend) refers to queue.o(i.prvUnlockQueue) for prvUnlockQueue
    queue.o(i.xQueueGenericSend) refers to tasks.o(i.xTaskResumeAll) for xTaskResumeAll
    queue.o(i.xQueueGenericSendFromISR) refers to queue.o(i.prvCopyDataToQueue) for prvCopyDataToQueue
    queue.o(i.xQueueGenericSendFromISR) refers to tasks.o(i.xTaskRemoveFromEventList) for xTaskRemoveFromEventList
    queue.o(i.xQueueGiveFromISR) refers to tasks.o(i.xTaskRemoveFromEventList) for xTaskRemoveFromEventList
    queue.o(i.xQueuePeek) refers to port.o(i.vPortEnterCritical) for vPortEnterCritical
    queue.o(i.xQueuePeek) refers to queue.o(i.prvCopyDataFromQueue) for prvCopyDataFromQueue
    queue.o(i.xQueuePeek) refers to tasks.o(i.xTaskRemoveFromEventList) for xTaskRemoveFromEventList
    queue.o(i.xQueuePeek) refers to port.o(i.vPortExitCritical) for vPortExitCritical
    queue.o(i.xQueuePeek) refers to tasks.o(i.vTaskInternalSetTimeOutState) for vTaskInternalSetTimeOutState
    queue.o(i.xQueuePeek) refers to tasks.o(i.vTaskSuspendAll) for vTaskSuspendAll
    queue.o(i.xQueuePeek) refers to tasks.o(i.xTaskCheckForTimeOut) for xTaskCheckForTimeOut
    queue.o(i.xQueuePeek) refers to queue.o(i.prvIsQueueEmpty) for prvIsQueueEmpty
    queue.o(i.xQueuePeek) refers to tasks.o(i.vTaskPlaceOnEventList) for vTaskPlaceOnEventList
    queue.o(i.xQueuePeek) refers to queue.o(i.prvUnlockQueue) for prvUnlockQueue
    queue.o(i.xQueuePeek) refers to tasks.o(i.xTaskResumeAll) for xTaskResumeAll
    queue.o(i.xQueuePeekFromISR) refers to queue.o(i.prvCopyDataFromQueue) for prvCopyDataFromQueue
    queue.o(i.xQueueReceive) refers to port.o(i.vPortEnterCritical) for vPortEnterCritical
    queue.o(i.xQueueReceive) refers to queue.o(i.prvCopyDataFromQueue) for prvCopyDataFromQueue
[...]
    main.o(i.fillScreen) refers to main.o(i.setCol) for setCol
    main.o(i.fillScreen) refers to main.o(i.setPage) for setPage
    main.o(i.fillScreen) refers to main.o(i.sendCMD) for sendCMD
    main.o(i.fillScreen) refers to main.o(i.WRITE_DATA) for WRITE_DATA
    main.o(i.generateNextDirection) refers to rand.o(.emb_text) for rand
    main.o(i.generateSequence) refers to rand.o(.emb_text) for rand
    main.o(i.generateSequence) refers to main.o(.data) for sequenceLength
    main.o(i.generateSequence) refers to main.o(.bss) for sequence
    main.o(i.handleGameOver) refers to main.o(i.displayMultipleArrows) for displayMultipleArrows
    main.o(i.handleGameOver) refers to main.o(i.restartGame) for restartGame
    main.o(i.handleGameOver) refers to main.o(.data) for currentScore
    main.o(i.handleGameOver) refers to main.o(.constdata) for up_image_data
    main.o(i.initButtonPorts) refers to main.o(i.initButtonPort) for initButtonPort
    main.o(i.initGame) refers to system_lpc17xx.o(i.SystemInit) for SystemInit
    main.o(i.initGame) refers to main.o(i.TFTinit) for TFTinit
    main.o(i.initGame) refers to main.o(i.initButtonPorts) for initButtonPorts
    main.o(i.initGame) refers to main.o(i.initUART) for initUART
    main.o(i.initGame) refers to main.o(i.UART_SendString) for UART_SendString
    main.o(i.main) refers to main.o(i.playGame) for playGame
    main.o(i.playGame) refers to _printf_percent.o(.ARM.Collect$$_printf_percent$$00000000) for _printf_percent
    main.o(i.playGame) refers to _printf_d.o(.ARM.Collect$$_printf_percent$$00000009) for _printf_d
    main.o(i.playGame) refers to _printf_dec.o(.text) for _printf_int_dec
    main.o(i.playGame) refers to _printf_s.o(.ARM.Collect$$_printf_percent$$00000014) for _printf_s
    main.o(i.playGame) refers to _printf_str.o(.text) for _printf_str
    main.o(i.playGame) refers to main.o(i.TFTinit) for TFTinit
    main.o(i.playGame) refers to main.o(i.restartGame) for restartGame
    main.o(i.playGame) refers to rand.o(.text) for srand
    main.o(i.playGame) refers to rand.o(.emb_text) for rand
    main.o(i.playGame) refers to main.o(i.addDirectionToSequence) for addDirectionToSequence
    main.o(i.playGame) refers to main.o(i.displaySequence) for displaySequence
    main.o(i.playGame) refers to main.o(i.displayScore) for displayScore
    main.o(i.playGame) refers to main.o(i.readPlayerInput) for readPlayerInput
    main.o(i.playGame) refers to main.o(i.generateNextDirection) for generateNextDirection
    main.o(i.playGame) refers to noretval__2sprintf.o(.text) for __2sprintf
    main.o(i.playGame) refers to main.o(i.UART_SendString) for UART_SendString
    main.o(i.playGame) refers to main.o(i.displayMultipleArrows) for displayMultipleArrows
    main.o(i.playGame) refers to main.o(.data) for gen_alea
    main.o(i.playGame) refers to main.o(.bss) for sequence
    main.o(i.playGame) refers to main.o(.constdata) for up_image_data
    main.o(i.readPlayerInput) refers to main.o(i.readButtonState) for readButtonState
    main.o(i.readPlayerInput) refers to main.o(i.displaySequenceAndInput) for displaySequenceAndInput
    main.o(i.readPlayerInput) refers to main.o(.data) for gen_alea
    main.o(i.readPlayerInput) refers to main.o(.bss) for sequence
    main.o(i.restartGame) refers to rand.o(.text) for srand
    main.o(i.restartGame) refers to main.o(i.fillScreen) for fillScreen
    main.o(i.restartGame) refers to main.o(i.initGame) for initGame
    main.o(i.restartGame) refers to main.o(.data) for gen_alea
    main.o(i.rotateExtendedFont180) refers to main.o(.data) for extended_font
    main.o(i.setArea) refers to main.o(i.sendCMD) for sendCMD
    main.o(i.setArea) refers to main.o(i.WRITE_DATA) for WRITE_DATA
    main.o(i.setCol) refers to main.o(i.sendCMD) for sendCMD
    main.o(i.setCol) refers to main.o(i.WRITE_DATA) for WRITE_DATA
    main.o(i.setPage) refers to main.o(i.sendCMD) for sendCMD
    main.o(i.setPage) refers to main.o(i.WRITE_DATA) for WRITE_DATA
    main.o(i.setPixel) refers to main.o(i.setCol) for setCol
    main.o(i.setPixel) refers to main.o(i.setPage) for setPage
    main.o(i.setPixel) refers to main.o(i.sendCMD) for sendCMD
    main.o(i.setPixel) refers to main.o(i.sendData) for sendData
    main.o(i.writePixel) refers to main.o(i.WRITE_DATA) for WRITE_DATA
    main.o(.constdata) refers to main.o(.conststring) for .conststring
    mytasks.o(i.vInit_myTasks) refers to tasks.o(i.xTaskCreate) for xTaskCreate
    mytasks.o(i.vInit_myTasks) refers to mytasks.o(.data) for argument
    mytasks.o(i.vInit_myTasks) refers to mytasks.o(i.vLed1Task) for vLed1Task
    mytasks.o(i.vInit_myTasks) refers to mytasks.o(i.vLed2Task) for vLed2Task
    mytasks.o(i.vInit_myTasks) refers to mytasks.o(i.vLed3Task) for vLed3Task
    mytasks.o(i.vInit_myTasks) refers to mytasks.o(i.vLed4Task) for vLed4Task
    mytasks.o(i.vLed1Task) refers to mytasks.o(i.allume_num_tache) for allume_num_tache
    mytasks.o(i.vLed2Task) refers to mytasks.o(i.allume_num_tache) for allume_num_tache
    mytasks.o(i.vLed3Task) refers to mytasks.o(i.allume_num_tache) for allume_num_tache
    mytasks.o(i.vLed4Task) refers to mytasks.o(i.allume_num_tache) for allume_num_tache
    startup_lpc17xx.o(STACK) refers (Special) to heapauxi.o(.text) for __use_two_region_memory
    startup_lpc17xx.o(HEAP) refers (Special) to heapauxi.o(.text) for __use_two_region_memory
    startup_lpc17xx.o(RESET) refers (Special) to heapauxi.o(.text) for __use_two_region_memory
    startup_lpc17xx.o(RESET) refers to startup_lpc17xx.o(STACK) for __initial_sp
    startup_lpc17xx.o(RESET) refers to startup_lpc17xx.o(.text) for Reset_Handler
    startup_lpc17xx.o(RESET) refers to port.o(.emb_text) for SVC_Handler
    startup_lpc17xx.o(RESET) refers to port.o(i.SysTick_Handler) for SysTick_Handler
    startup_lpc17xx.o(.ARM.__at_0x02FC) refers (Special) to heapauxi.o(.text) for __use_two_region_memory
    startup_lpc17xx.o(.text) refers (Special) to heapauxi.o(.text) for __use_two_region_memory
    startup_lpc17xx.o(.text) refers to system_lpc17xx.o(i.SystemInit) for SystemInit
    startup_lpc17xx.o(.text) refers to __main.o(!!!main) for __main
    startup_lpc17xx.o(.text) refers to startup_lpc17xx.o(HEAP) for Heap_Mem
    startup_lpc17xx.o(.text) refers to startup_lpc17xx.o(STACK) for Stack_Mem
    system_lpc17xx.o(i.SystemCoreClockUpdate) refers to lludivv7m.o(.text) for __aeabi_uldivmod
    system_lpc17xx.o(i.SystemCoreClockUpdate) refers to system_lpc17xx.o(.data) for SystemCoreClock
    __2sprintf.o(.text) refers to _printf_char_common.o(.text) for _printf_char_common
    __2sprintf.o(.text) refers to _sputc.o(.text) for _sputc
    noretval__2sprintf.o(.text) refers to _printf_char_common.o(.text) for _printf_char_common
    noretval__2sprintf.o(.text) refers to _sputc.o(.text) for _sputc
    __printf.o(.text) refers to _printf_percent.o(.ARM.Collect$$_printf_percent$$00000000) for _printf_percent
    _printf_str.o(.text) refers (Special) to _printf_char.o(.text) for _printf_cs_common
    _printf_dec.o(.text) refers to _printf_intcommon.o(.text) for _printf_int_common
    __printf_flags.o(.text) refers to _printf_percent.o(.ARM.Collect$$_printf_percent$$00000000) for _printf_percent
    __printf_flags.o(.text) refers to __printf_flags.o(.constdata) for .constdata
    __printf_ss.o(.text) refers to _printf_percent.o(.ARM.Collect$$_printf_percent$$00000000) for _printf_percent
    __printf_flags_ss.o(.text) refers to _printf_percent.o(.ARM.Collect$$_printf_percent$$00000000) for _printf_percent
    __printf_flags_ss.o(.text) refers to __printf_flags_ss.o(.constdata) for .constdata
    __printf_wp.o(.text) refers to __printf_wp.o(i._is_digit) for _is_digit
    __printf_wp.o(.text) refers to _printf_percent.o(.ARM.Collect$$_printf_percent$$00000000) for _printf_percent
    __printf_flags_wp.o(.text) refers to __printf_wp.o(i._is_digit) for _is_digit
    __printf_flags_wp.o(.text) refers to _printf_percent.o(.ARM.Collect$$_printf_percent$$00000000) for _printf_percent
    __printf_flags_wp.o(.text) refers to __printf_flags_wp.o(.constdata) for .constdata
    __printf_ss_wp.o(.text) refers to __printf_wp.o(i._is_digit) for _is_digit
    __printf_ss_wp.o(.text) refers to _printf_percent.o(.ARM.Collect$$_printf_percent$$00000000) for _printf_percent
    __printf_flags_ss_wp.o(.text) refers to __printf_wp.o(i._is_digit) for _is_digit
    __printf_flags_ss_wp.o(.text) refers to _printf_percent.o(.ARM.Collect$$_printf_percent$$00000000) for _printf_percent
    __printf_flags_ss_wp.o(.text) refers to __printf_flags_ss_wp.o(.constdata) for .constdata
    _printf_s.o(.ARM.Collect$$_printf_percent$$00000014) refers (Weak) to _printf_char.o(.text) for _printf_string
    _printf_d.o(.ARM.Collect$$_printf_percent$$00000009) refers (Weak) to _printf_dec.o(.text) for _printf_int_dec
    _printf_percent.o(.ARM.Collect$$_printf_percent$$00000000) refers (Special) to _printf_percent_end.o(.ARM.Collect$$_printf_percent$$00000017) for _printf_percent_end
    rand.o(.emb_text) refers (Special) to libinit2.o(.ARM.Collect$$libinit$$0000000D) for __rt_lib_init_rand_2
    rand.o(.emb_text) refers to rand.o(.text) for _rand_init
    rand.o(.emb_text) refers to rand.o(.bss) for _random_number_data
    rand.o(.text) refers (Special) to libinit2.o(.ARM.Collect$$libinit$$0000000D) for __rt_lib_init_rand_2
    rand.o(.text) refers to rand.o(.bss) for .bss
    rand.o(.bss) refers (Special) to libinit2.o(.ARM.Collect$$libinit$$0000000D) for __rt_lib_init_rand_2
    rt_memcpy_v6.o(.text) refers to rt_memcpy_w.o(.text) for __aeabi_memcpy4
    __main.o(!!!main) refers to __rtentry.o(.ARM.Collect$$rtentry$$00000000) for __rt_entry
    __rtentry.o(.ARM.Collect$$rtentry$$00000000) refers (Special) to __rtentry2.o(.ARM.Collect$$rtentry$$0000000A) for __rt_entry_li
    __rtentry.o(.ARM.Collect$$rtentry$$00000000) refers (Special) to __rtentry2.o(.ARM.Collect$$rtentry$$0000000D) for __rt_entry_main
    __rtentry.o(.ARM.Collect$$rtentry$$00000000) refers (Special) to __rtentry2.o(.ARM.Collect$$rtentry$$0000000C) for __rt_entry_postli_1
    __rtentry.o(.ARM.Collect$$rtentry$$00000000) refers (Special) to __rtentry2.o(.ARM.Collect$$rtentry$$00000009) for __rt_entry_postsh_1
    __rtentry.o(.ARM.Collect$$rtentry$$00000000) refers (Special) to __rtentry2.o(.ARM.Collect$$rtentry$$00000002) for __rt_entry_presh_1
    __rtentry.o(.ARM.Collect$$rtentry$$00000000) refers (Special) to __rtentry4.o(.ARM.Collect$$rtentry$$00000004) for __rt_entry_sh
    aeabi_ldiv0_sigfpe.o(.text) refers to rt_div0.o(.text) for __rt_div0
    _printf_char_common.o(.text) refers to __printf.o(.text) for __printf
    _printf_char.o(.text) refers (Weak) to _printf_str.o(.text) for _printf_str
    libinit2.o(.ARM.Collect$$libinit$$0000000D) refers (Weak) to rand.o(.text) for _rand_init
    libinit2.o(.ARM.Collect$$libinit$$00000010) refers to libinit2.o(.ARM.Collect$$libinit$$0000000F) for .ARM.Collect$$libinit$$0000000F
    libinit2.o(.ARM.Collect$$libinit$$00000012) refers to libinit2.o(.ARM.Collect$$libinit$$0000000F) for .ARM.Collect$$libinit$$0000000F
    libinit2.o(.ARM.Collect$$libinit$$00000014) refers to libinit2.o(.ARM.Collect$$libinit$$0000000F) for .ARM.Collect$$libinit$$0000000F
    libinit2.o(.ARM.Collect$$libinit$$00000016) refers to libinit2.o(.ARM.Collect$$libinit$$0000000F) for .ARM.Collect$$libinit$$0000000F
    libinit2.o(.ARM.Collect$$libinit$$00000018) refers to libinit2.o(.ARM.Collect$$libinit$$0000000F) for .ARM.Collect$$libinit$$0000000F
    libinit2.o(.ARM.Collect$$libinit$$00000026) refers to argv_veneer.o(.emb_text) for __ARM_argv_veneer
    libinit2.o(.ARM.Collect$$libinit$$00000027) refers to argv_veneer.o(.emb_text) for __ARM_argv_veneer
    __rtentry2.o(.ARM.Collect$$rtentry$$00000008) refers to boardinit2.o(.text) for _platform_post_stackheap_init
    __rtentry2.o(.ARM.Collect$$rtentry$$0000000A) refers to libinit.o(.ARM.Collect$$libinit$$00000000) for __rt_lib_init
    __rtentry2.o(.ARM.Collect$$rtentry$$0000000B) refers to boardinit3.o(.text) for _platform_post_lib_init
    __rtentry2.o(.ARM.Collect$$rtentry$$0000000D) refers to main.o(i.main) for main
    __rtentry2.o(.ARM.Collect$$rtentry$$0000000D) refers to exit.o(.text) for exit
    __rtentry2.o(.ARM.exidx) refers to __rtentry2.o(.ARM.Collect$$rtentry$$00000001) for .ARM.Collect$$rtentry$$00000001
    __rtentry2.o(.ARM.exidx) refers to __rtentry2.o(.ARM.Collect$$rtentry$$00000008) for .ARM.Collect$$rtentry$$00000008
    __rtentry2.o(.ARM.exidx) refers to __rtentry2.o(.ARM.Collect$$rtentry$$0000000A) for .ARM.Collect$$rtentry$$0000000A
    __rtentry2.o(.ARM.exidx) refers to __rtentry2.o(.ARM.Collect$$rtentry$$0000000B) for .ARM.Collect$$rtentry$$0000000B
    __rtentry2.o(.ARM.exidx) refers to __rtentry2.o(.ARM.Collect$$rtentry$$0000000D) for .ARM.Collect$$rtentry$$0000000D
    __rtentry4.o(.ARM.Collect$$rtentry$$00000004) refers to sys_stackheap_outer.o(.text) for __user_setup_stackheap
    __rtentry4.o(.ARM.exidx) refers to __rtentry4.o(.ARM.Collect$$rtentry$$00000004) for .ARM.Collect$$rtentry$$00000004
    rt_div0.o(.text) refers to defsig_fpe_outer.o(.text) for __rt_SIGFPE
    argv_veneer.o(.emb_text) refers to no_argv.o(.text) for __ARM_get_argv
    sys_stackheap_outer.o(.text) refers to libspace.o(.text) for __user_perproc_libspace
    sys_stackheap_outer.o(.text) refers to startup_lpc17xx.o(.text) for __user_initial_stackheap
    exit.o(.text) refers to rtexit.o(.ARM.Collect$$rtexit$$00000000) for __rt_exit
    defsig_fpe_outer.o(.text) refers to defsig_fpe_inner.o(.text) for __rt_SIGFPE_inner
    defsig_fpe_outer.o(.text) refers to defsig_exit.o(.text) for __sig_exit
    defsig_fpe_formal.o(.text) refers to rt_raise.o(.text) for __rt_raise
    _get_argv_nomalloc.o(.text) refers (Special) to hrguard.o(.text) for __heap_region$guard
    _get_argv_nomalloc.o(.text) refers to defsig_rtmem_outer.o(.text) for __rt_SIGRTMEM
    _get_argv_nomalloc.o(.text) refers to sys_command.o(.text) for _sys_command_string
    libinit.o(.ARM.Collect$$libinit$$00000000) refers (Special) to libinit2.o(.ARM.Collect$$libinit$$0000002E) for __rt_lib_init_alloca_1
    libinit.o(.ARM.Collect$$libinit$$00000000) refers (Special) to libinit2.o(.ARM.Collect$$libinit$$0000002C) for __rt_lib_init_argv_1
    libinit.o(.ARM.Collect$$libinit$$00000000) refers (Special) to libinit2.o(.ARM.Collect$$libinit$$0000001B) for __rt_lib_init_atexit_1
    libinit.o(.ARM.Collect$$libinit$$00000000) refers (Special) to libinit2.o(.ARM.Collect$$libinit$$00000021) for __rt_lib_init_clock_1
    libinit.o(.ARM.Collect$$libinit$$00000000) refers (Special) to libinit2.o(.ARM.Collect$$libinit$$00000032) for __rt_lib_init_cpp_1
    libinit.o(.ARM.Collect$$libinit$$00000000) refers (Special) to libinit2.o(.ARM.Collect$$libinit$$00000030) for __rt_lib_init_exceptions_1
    libinit.o(.ARM.Collect$$libinit$$00000000) refers (Special) to libinit2.o(.ARM.Collect$$libinit$$00000002) for __rt_lib_init_fp_1
    libinit.o(.ARM.Collect$$libinit$$00000000) refers (Special) to libinit2.o(.ARM.Collect$$libinit$$0000001F) for __rt_lib_init_fp_trap_1
    libinit.o(.ARM.Collect$$libinit$$00000000) refers (Special) to libinit2.o(.ARM.Collect$$libinit$$00000023) for __rt_lib_init_getenv_1
    libinit.o(.ARM.Collect$$libinit$$00000000) refers (Special) to libinit2.o(.ARM.Collect$$libinit$$0000000A) for __rt_lib_init_heap_1
    libinit.o(.ARM.Collect$$libinit$$00000000) refers (Special) to libinit2.o(.ARM.Collect$$libinit$$00000011) for __rt_lib_init_lc_collate_1
    libinit.o(.ARM.Collect$$libinit$$00000000) refers (Special) to libinit2.o(.ARM.Collect$$libinit$$00000013) for __rt_lib_init_lc_ctype_1
    libinit.o(.ARM.Collect$$libinit$$00000000) refers (Special) to libinit2.o(.ARM.Collect$$libinit$$00000015) for __rt_lib_init_lc_monetary_1
    libinit.o(.ARM.Collect$$libinit$$00000000) refers (Special) to libinit2.o(.ARM.Collect$$libinit$$00000017) for __rt_lib_init_lc_numeric_1
    libinit.o(.ARM.Collect$$libinit$$00000000) refers (Special) to libinit2.o(.ARM.Collect$$libinit$$00000019) for __rt_lib_init_lc_time_1
    libinit.o(.ARM.Collect$$libinit$$00000000) refers (Special) to libinit2.o(.ARM.Collect$$libinit$$00000004) for __rt_lib_init_preinit_1
    libinit.o(.ARM.Collect$$libinit$$00000000) refers (Special) to libinit2.o(.ARM.Collect$$libinit$$0000000E) for __rt_lib_init_rand_1
    libinit.o(.ARM.Collect$$libinit$$00000000) refers (Special) to libinit2.o(.ARM.Collect$$libinit$$00000033) for __rt_lib_init_return
    libinit.o(.ARM.Collect$$libinit$$00000000) refers (Special) to libinit2.o(.ARM.Collect$$libinit$$0000001D) for __rt_lib_init_signal_1
    libinit.o(.ARM.Collect$$libinit$$00000000) refers (Special) to libinit2.o(.ARM.Collect$$libinit$$00000025) for __rt_lib_init_stdio_1
    libinit.o(.ARM.Collect$$libinit$$00000000) refers (Special) to libinit2.o(.ARM.Collect$$libinit$$0000000C) for __rt_lib_init_user_alloc_1
    sys_command.o(.text) refers (Special) to use_no_semi.o(.text) for __I$use$semihosting
    sys_command.o(.text) refers (Special) to indicate_semi.o(.text) for __semihosting_library_function
    libspace.o(.text) refers to libspace.o(.bss) for __libspace_start
    rtexit.o(.ARM.Collect$$rtexit$$00000000) refers (Special) to rtexit2.o(.ARM.Collect$$rtexit$$00000004) for __rt_exit_exit
    rtexit.o(.ARM.Collect$$rtexit$$00000000) refers (Special) to rtexit2.o(.ARM.Collect$$rtexit$$00000003) for __rt_exit_ls
    rtexit.o(.ARM.Collect$$rtexit$$00000000) refers (Special) to rtexit2.o(.ARM.Collect$$rtexit$$00000002) for __rt_exit_prels_1
    rtexit.o(.ARM.exidx) refers (Special) to rtexit2.o(.ARM.Collect$$rtexit$$00000004) for __rt_exit_exit
    rtexit.o(.ARM.exidx) refers (Special) to rtexit2.o(.ARM.Collect$$rtexit$$00000003) for __rt_exit_ls
    rtexit.o(.ARM.exidx) refers (Special) to rtexit2.o(.ARM.Collect$$rtexit$$00000002) for __rt_exit_prels_1
    rtexit.o(.ARM.exidx) refers to rtexit.o(.ARM.Collect$$rtexit$$00000000) for .ARM.Collect$$rtexit$$00000000
    rt_raise.o(.text) refers to __raise.o(.text) for __raise
    rt_raise.o(.text) refers to sys_exit.o(.text) for _sys_exit
    defsig_exit.o(.text) refers to sys_exit.o(.text) for _sys_exit
    defsig_fpe_inner.o(.text) refers to defsig_general.o(.text) for __default_signal_display
    defsig_rtmem_outer.o(.text) refers to defsig_rtmem_inner.o(.text) for __rt_SIGRTMEM_inner
    defsig_rtmem_outer.o(.text) refers to defsig_exit.o(.text) for __sig_exit
    defsig_rtmem_formal.o(.text) refers to rt_raise.o(.text) for __rt_raise
    sys_exit.o(.text) refers (Special) to use_no_semi.o(.text) for __I$use$semihosting
    sys_exit.o(.text) refers (Special) to indicate_semi.o(.text) for __semihosting_library_function
    rtexit2.o(.ARM.Collect$$rtexit$$00000003) refers to libshutdown.o(.ARM.Collect$$libshutdown$$00000000) for __rt_lib_shutdown
    rtexit2.o(.ARM.Collect$$rtexit$$00000004) refers to sys_exit.o(.text) for _sys_exit
    rtexit2.o(.ARM.exidx) refers to rtexit2.o(.ARM.Collect$$rtexit$$00000001) for .ARM.Collect$$rtexit$$00000001
    rtexit2.o(.ARM.exidx) refers to rtexit2.o(.ARM.Collect$$rtexit$$00000003) for .ARM.Collect$$rtexit$$00000003
    rtexit2.o(.ARM.exidx) refers to rtexit2.o(.ARM.Collect$$rtexit$$00000004) for .ARM.Collect$$rtexit$$00000004
    __raise.o(.text) refers to defsig.o(CL$$defsig) for __default_signal_handler
    defsig_general.o(.text) refers to sys_wrch.o(.text) for _ttywrch
    defsig_rtmem_inner.o(.text) refers to defsig_general.o(.text) for __default_signal_display
    sys_wrch.o(.text) refers (Special) to use_no_semi.o(.text) for __I$use$semihosting
    sys_wrch.o(.text) refers (Special) to indicate_semi.o(.text) for __semihosting_library_function
    defsig.o(CL$$defsig) refers to defsig_fpe_inner.o(.text) for __rt_SIGFPE_inner
    defsig.o(CL$$defsig) refers to defsig_rtmem_inner.o(.text) for __rt_SIGRTMEM_inner
    libshutdown.o(.ARM.Collect$$libshutdown$$00000000) refers (Special) to libshutdown2.o(.ARM.Collect$$libshutdown$$00000002) for __rt_lib_shutdown_cpp_1
    libshutdown.o(.ARM.Collect$$libshutdown$$00000000) refers (Special) to libshutdown2.o(.ARM.Collect$$libshutdown$$00000007) for __rt_lib_shutdown_fp_trap_1
    libshutdown.o(.ARM.Collect$$libshutdown$$00000000) refers (Special) to libshutdown2.o(.ARM.Collect$$libshutdown$$0000000F) for __rt_lib_shutdown_heap_1
    libshutdown.o(.ARM.Collect$$libshutdown$$00000000) refers (Special) to libshutdown2.o(.ARM.Collect$$libshutdown$$00000010) for __rt_lib_shutdown_return
    libshutdown.o(.ARM.Collect$$libshutdown$$00000000) refers (Special) to libshutdown2.o(.ARM.Collect$$libshutdown$$0000000A) for __rt_lib_shutdown_signal_1
    libshutdown.o(.ARM.Collect$$libshutdown$$00000000) refers (Special) to libshutdown2.o(.ARM.Collect$$libshutdown$$00000004) for __rt_lib_shutdown_stdio_1
    libshutdown.o(.ARM.Collect$$libshutdown$$00000000) refers (Special) to libshutdown2.o(.ARM.Collect$$libshutdown$$0000000C) for __rt_lib_shutdown_user_alloc_1
    defsig_abrt_inner.o(.text) refers to defsig_general.o(.text) for __default_signal_display
    defsig_rtred_inner.o(.text) refers to defsig_general.o(.text) for __default_signal_display
    defsig_stak_inner.o(.text) refers to defsig_general.o(.text) for __default_signal_display
    defsig_pvfn_inner.o(.text) refers to defsig_general.o(.text) for __default_signal_display
    defsig_cppl_inner.o(.text) refers to defsig_general.o(.text) for __default_signal_display
    defsig_segv_inner.o(.text) refers to defsig_general.o(.text) for __default_signal_display
    defsig_other.o(.text) refers to defsig_general.o(.text) for __default_signal_display


==============================================================================

Removing Unused input sections from the image.

    Removing list.o(.rev16_text), (4 bytes).
    Removing list.o(.revsh_text), (4 bytes).
    Removing list.o(.rrx_text), (6 bytes).
    Removing list.o(i.vListInitialise), (26 bytes).
    Removing list.o(i.vListInitialiseItem), (6 bytes).
    Removing list.o(i.vListInsert), (52 bytes).
    Removing queue.o(.rev16_text), (4 bytes).
    Removing queue.o(.revsh_text), (4 bytes).
    Removing queue.o(.rrx_text), (6 bytes).
    Removing queue.o(i.prvCopyDataFromQueue), (42 bytes).
    Removing queue.o(i.prvCopyDataToQueue), (106 bytes).
    Removing queue.o(i.prvInitialiseNewQueue), (38 bytes).
    Removing queue.o(i.prvIsQueueEmpty), (26 bytes).
    Removing queue.o(i.prvIsQueueFull), (30 bytes).
    Removing queue.o(i.prvUnlockQueue), (126 bytes).
    Removing queue.o(i.uxQueueMessagesWaiting), (18 bytes).
    Removing queue.o(i.uxQueueMessagesWaitingFromISR), (8 bytes).
    Removing queue.o(i.uxQueueSpacesAvailable), (24 bytes).
    Removing queue.o(i.vQueueDelete), (14 bytes).
    Removing queue.o(i.xQueueGenericCreate), (58 bytes).
    Removing queue.o(i.xQueueGenericReset), (128 bytes).
    Removing queue.o(i.xQueueGenericSend), (280 bytes).
    Removing queue.o(i.xQueueGenericSendFromISR), (134 bytes).
    Removing queue.o(i.xQueueGiveFromISR), (120 bytes).
    Removing queue.o(i.xQueueIsQueueEmptyFromISR), (16 bytes).
    Removing queue.o(i.xQueueIsQueueFullFromISR), (22 bytes).
    Removing queue.o(i.xQueuePeek), (268 bytes).
    Removing queue.o(i.xQueuePeekFromISR), (74 bytes).
    Removing queue.o(i.xQueueReceive), (260 bytes).
    Removing queue.o(i.xQueueReceiveFromISR), (130 bytes).
    Removing queue.o(i.xQueueSemaphoreTake), (240 bytes).
    Removing tasks.o(.rev16_text), (4 bytes).
    Removing tasks.o(.revsh_text), (4 bytes).
    Removing tasks.o(.rrx_text), (6 bytes).
    Removing tasks.o(i.pcTaskGetName), (24 bytes).
    Removing tasks.o(i.prvAddCurrentTaskToDelayedList), (152 bytes).
    Removing tasks.o(i.prvAddNewTaskToReadyList), (180 bytes).
    Removing tasks.o(i.prvCheckTasksWaitingTermination), (72 bytes).
    Removing tasks.o(i.prvDeleteTCB), (18 bytes).
    Removing tasks.o(i.prvIdleTask), (40 bytes).
    Removing tasks.o(i.prvInitialiseNewTask), (138 bytes).
    Removing tasks.o(i.prvInitialiseTaskLists), (104 bytes).
    Removing tasks.o(i.prvTaskIsTaskSuspended), (64 bytes).
    Removing tasks.o(i.ulTaskNotifyTake), (116 bytes).
    Removing tasks.o(i.uxTaskGetNumberOfTasks), (12 bytes).
    Removing tasks.o(i.uxTaskPriorityGet), (36 bytes).
    Removing tasks.o(i.uxTaskPriorityGetFromISR), (56 bytes).
    Removing tasks.o(i.uxTaskResetEventItemValue), (28 bytes).
    Removing tasks.o(i.vTaskDelay), (52 bytes).
    Removing tasks.o(i.vTaskDelayUntil), (116 bytes).
    Removing tasks.o(i.vTaskDelete), (204 bytes).
    Removing tasks.o(i.vTaskEndScheduler), (36 bytes).
    Removing tasks.o(i.vTaskInternalSetTimeOutState), (24 bytes).
    Removing tasks.o(i.vTaskMissedYield), (12 bytes).
    Removing tasks.o(i.vTaskNotifyGiveFromISR), (176 bytes).
    Removing tasks.o(i.vTaskPlaceOnEventList), (32 bytes).
    Removing tasks.o(i.vTaskPlaceOnUnorderedEventList), (44 bytes).
    Removing tasks.o(i.vTaskPrioritySet), (232 bytes).
    Removing tasks.o(i.vTaskRemoveFromUnorderedEventList), (100 bytes).
    Removing tasks.o(i.vTaskResume), (120 bytes).
    Removing tasks.o(i.vTaskSetTimeOutState), (36 bytes).
    Removing tasks.o(i.vTaskStartScheduler), (100 bytes).
    Removing tasks.o(i.vTaskSuspend), (204 bytes).
    Removing tasks.o(i.vTaskSuspendAll), (16 bytes).
    Removing tasks.o(i.xTaskCheckForTimeOut), (92 bytes).
    Removing tasks.o(i.xTaskCreate), (96 bytes).
    Removing tasks.o(i.xTaskGenericNotify), (196 bytes).
    Removing tasks.o(i.xTaskGenericNotifyFromISR), (252 bytes).
    Removing tasks.o(i.xTaskGetTickCount), (12 bytes).
    Removing tasks.o(i.xTaskGetTickCountFromISR), (12 bytes).
    Removing tasks.o(i.xTaskNotifyStateClear), (52 bytes).
    Removing tasks.o(i.xTaskNotifyWait), (160 bytes).
    Removing tasks.o(i.xTaskRemoveFromEventList), (128 bytes).
    Removing tasks.o(i.xTaskResumeAll), (232 bytes).
    Removing tasks.o(i.xTaskResumeFromISR), (152 bytes).
    Removing heap_2.o(.rev16_text), (4 bytes).
    Removing heap_2.o(.revsh_text), (4 bytes).
    Removing heap_2.o(.rrx_text), (6 bytes).
    Removing heap_2.o(i.prvHeapInit), (56 bytes).
    Removing heap_2.o(i.pvPortMalloc), (184 bytes).
    Removing heap_2.o(i.vPortFree), (64 bytes).
    Removing heap_2.o(i.vPortInitialiseBlocks), (2 bytes).
    Removing heap_2.o(i.xPortGetFreeHeapSize), (12 bytes).
    Removing heap_2.o(.bss), (12288 bytes).
    Removing heap_2.o(.data), (24 bytes).
    Removing port.o(.rev16_text), (4 bytes).
    Removing port.o(.revsh_text), (4 bytes).
    Removing port.o(.rrx_text), (6 bytes).
    Removing port.o(i.prvTaskExitError), (22 bytes).
    Removing port.o(i.pxPortInitialiseStack), (36 bytes).
    Removing port.o(i.vPortEndScheduler), (2 bytes).
    Removing port.o(i.vPortEnterCritical), (36 bytes).
    Removing port.o(i.vPortExitCritical), (32 bytes).
    Removing port.o(i.vPortSetupTimerInterrupt), (22 bytes).
    Removing port.o(i.xPortStartScheduler), (52 bytes).
    Removing port.o(.data), (4 bytes).
    Removing main.o(.rev16_text), (4 bytes).
    Removing main.o(.revsh_text), (4 bytes).
    Removing main.o(.rrx_text), (6 bytes).
    Removing main.o(i.generateSequence), (56 bytes).
    Removing main.o(i.handleGameOver), (60 bytes).
    Removing main.o(i.initGPIO), (32 bytes).
    Removing main.o(i.rotateExtendedFont180), (80 bytes).
    Removing main.o(i.setPixel), (38 bytes).
    Removing mytasks.o(.rev16_text), (4 bytes).
    Removing mytasks.o(.revsh_text), (4 bytes).
    Removing mytasks.o(.rrx_text), (6 bytes).
    Removing mytasks.o(i.allume_num_tache), (80 bytes).
    Removing mytasks.o(i.vInit_myTasks), (132 bytes).
    Removing mytasks.o(i.vLed1Task), (36 bytes).
    Removing mytasks.o(i.vLed2Task), (36 bytes).
    Removing mytasks.o(i.vLed3Task), (36 bytes).
    Removing mytasks.o(i.vLed4Task), (36 bytes).
    Removing mytasks.o(.data), (1 bytes).
    Removing system_lpc17xx.o(.rev16_text), (4 bytes).
    Removing system_lpc17xx.o(.revsh_text), (4 bytes).
    Removing system_lpc17xx.o(.rrx_text), (6 bytes).
    Removing system_lpc17xx.o(i.SystemCoreClockUpdate), (424 bytes).
    Removing system_lpc17xx.o(.data), (4 bytes).

119 unused section(s) (total 20173 bytes) removed from the image.

==============================================================================

Image Symbol Table

    Local Symbols

    Symbol Name                              Value     Ov Type        Size  Object(Section)

    RESET                                    0x00000000   Section      204  startup_lpc17xx.o(RESET)
    ../clib/angel/boardlib.s                 0x00000000   Number         0  boardinit3.o ABSOLUTE
    ../clib/angel/boardlib.s                 0x00000000   Number         0  boardshut.o ABSOLUTE
    ../clib/angel/boardlib.s                 0x00000000   Number         0  boardinit1.o ABSOLUTE
    ../clib/angel/boardlib.s                 0x00000000   Number         0  boardinit2.o ABSOLUTE
    ../clib/angel/handlers.s                 0x00000000   Number         0  __scatter_zi.o ABSOLUTE
    ../clib/angel/handlers.s                 0x00000000   Number         0  __scatter_copy.o ABSOLUTE
    ../clib/angel/kernel.s                   0x00000000   Number         0  __rtentry2.o ABSOLUTE
    ../clib/angel/kernel.s                   0x00000000   Number         0  __rtentry4.o ABSOLUTE
    ../clib/angel/kernel.s                   0x00000000   Number         0  __rtentry.o ABSOLUTE
    ../clib/angel/kernel.s                   0x00000000   Number         0  rtexit2.o ABSOLUTE
    ../clib/angel/kernel.s                   0x00000000   Number         0  rtexit.o ABSOLUTE
    ../clib/angel/rt.s                       0x00000000   Number         0  rt_div0.o ABSOLUTE
    ../clib/angel/rt.s                       0x00000000   Number         0  aeabi_ldiv0.o ABSOLUTE
    ../clib/angel/rt.s                       0x00000000   Number         0  aeabi_ldiv0_sigfpe.o ABSOLUTE
    ../clib/angel/rt.s                       0x00000000   Number         0  rt_raise.o ABSOLUTE
    ../clib/angel/scatter.s                  0x00000000   Number         0  __scatter.o ABSOLUTE
    ../clib/angel/startup.s                  0x00000000   Number         0  __main.o ABSOLUTE
    ../clib/angel/sys.s                      0x00000000   Number         0  use_no_semi.o ABSOLUTE
    ../clib/angel/sys.s                      0x00000000   Number         0  sys_stackheap_outer.o ABSOLUTE
    ../clib/angel/sys.s                      0x00000000   Number         0  indicate_semi.o ABSOLUTE
    ../clib/angel/sys.s                      0x00000000   Number         0  libspace.o ABSOLUTE
    ../clib/angel/sysapp.c                   0x00000000   Number         0  sys_wrch.o ABSOLUTE
    ../clib/angel/sysapp.c                   0x00000000   Number         0  sys_exit.o ABSOLUTE
    ../clib/angel/sysapp.c                   0x00000000   Number         0  sys_command.o ABSOLUTE
    ../clib/armsys.c                         0x00000000   Number         0  argv_veneer.o ABSOLUTE
    ../clib/armsys.c                         0x00000000   Number         0  no_argv.o ABSOLUTE
    ../clib/armsys.c                         0x00000000   Number         0  _get_argv_nomalloc.o ABSOLUTE
    ../clib/armsys.c                         0x00000000   Number         0  argv_veneer.o ABSOLUTE
    ../clib/heapalloc.c                      0x00000000   Number         0  hrguard.o ABSOLUTE
    ../clib/heapaux.c                        0x00000000   Number         0  heapauxi.o ABSOLUTE
    ../clib/libinit.s                        0x00000000   Number         0  libinit2.o ABSOLUTE
    ../clib/libinit.s                        0x00000000   Number         0  libshutdown2.o ABSOLUTE
    ../clib/libinit.s                        0x00000000   Number         0  libshutdown.o ABSOLUTE
    ../clib/libinit.s                        0x00000000   Number         0  libinit.o ABSOLUTE
    ../clib/longlong.s                       0x00000000   Number         0  lludivv7m.o ABSOLUTE
    ../clib/memcpset.s                       0x00000000   Number         0  rt_memcpy_w.o ABSOLUTE
    ../clib/memcpset.s                       0x00000000   Number         0  rt_memcpy_v6.o ABSOLUTE
    ../clib/printf.c                         0x00000000   Number         0  __printf_ss.o ABSOLUTE
    ../clib/printf.c                         0x00000000   Number         0  _printf_char.o ABSOLUTE
    ../clib/printf.c                         0x00000000   Number         0  _printf_char_common.o ABSOLUTE
    ../clib/printf.c                         0x00000000   Number         0  _printf_intcommon.o ABSOLUTE
    ../clib/printf.c                         0x00000000   Number         0  __2sprintf.o ABSOLUTE
    ../clib/printf.c                         0x00000000   Number         0  _printf_str.o ABSOLUTE
    ../clib/printf.c                         0x00000000   Number         0  noretval__2sprintf.o ABSOLUTE
    ../clib/printf.c                         0x00000000   Number         0  __printf.o ABSOLUTE
    ../clib/printf.c                         0x00000000   Number         0  _sputc.o ABSOLUTE
    ../clib/printf.c                         0x00000000   Number         0  __printf_nopercent.o ABSOLUTE
    ../clib/printf.c                         0x00000000   Number         0  _printf_dec.o ABSOLUTE
    ../clib/printf.c                         0x00000000   Number         0  __printf_flags.o ABSOLUTE
    ../clib/printf.c                         0x00000000   Number         0  __printf_flags_ss_wp.o ABSOLUTE
    ../clib/printf.c                         0x00000000   Number         0  __printf_ss_wp.o ABSOLUTE
    ../clib/printf.c                         0x00000000   Number         0  __printf_flags_wp.o ABSOLUTE
    ../clib/printf.c                         0x00000000   Number         0  __printf_wp.o ABSOLUTE
    ../clib/printf.c                         0x00000000   Number         0  __printf_flags_ss.o ABSOLUTE
    ../clib/printf_percent.s                 0x00000000   Number         0  _printf_d.o ABSOLUTE
    ../clib/printf_percent.s                 0x00000000   Number         0  _printf_percent.o ABSOLUTE
    ../clib/printf_percent.s                 0x00000000   Number         0  _printf_s.o ABSOLUTE
    ../clib/printf_percent.s                 0x00000000   Number         0  _printf_percent_end.o ABSOLUTE
    ../clib/signal.c                         0x00000000   Number         0  defsig_fpe_inner.o ABSOLUTE
    ../clib/signal.c                         0x00000000   Number         0  defsig_rtmem_inner.o ABSOLUTE
    ../clib/signal.c                         0x00000000   Number         0  defsig_general.o ABSOLUTE
    ../clib/signal.c                         0x00000000   Number         0  __raise.o ABSOLUTE
    ../clib/signal.c                         0x00000000   Number         0  defsig_rtmem_formal.o ABSOLUTE
    ../clib/signal.c                         0x00000000   Number         0  defsig_rtmem_outer.o ABSOLUTE
    ../clib/signal.c                         0x00000000   Number         0  defsig_exit.o ABSOLUTE
    ../clib/signal.c                         0x00000000   Number         0  defsig_other.o ABSOLUTE
    ../clib/signal.c                         0x00000000   Number         0  defsig_fpe_formal.o ABSOLUTE
    ../clib/signal.c                         0x00000000   Number         0  defsig_fpe_outer.o ABSOLUTE
    ../clib/signal.c                         0x00000000   Number         0  defsig_segv_inner.o ABSOLUTE
    ../clib/signal.c                         0x00000000   Number         0  defsig_cppl_inner.o ABSOLUTE
    ../clib/signal.c                         0x00000000   Number         0  defsig_pvfn_inner.o ABSOLUTE
    ../clib/signal.c                         0x00000000   Number         0  defsig_stak_inner.o ABSOLUTE
    ../clib/signal.c                         0x00000000   Number         0  defsig_abrt_inner.o ABSOLUTE
    ../clib/signal.c                         0x00000000   Number         0  defsig_rtred_inner.o ABSOLUTE
    ../clib/signal.s                         0x00000000   Number         0  defsig.o ABSOLUTE
    ../clib/stdlib.c                         0x00000000   Number         0  exit.o ABSOLUTE
    ../clib/stdlib.c                         0x00000000   Number         0  rand.o ABSOLUTE
    ../clib/stdlib.c                         0x00000000   Number         0  rand.o ABSOLUTE
    ../clib/string.c                         0x00000000   Number         0  strlen.o ABSOLUTE
    ../fplib/fpinit.s                        0x00000000   Number         0  fpinit.o ABSOLUTE
    ..\..\Source\list.c                      0x00000000   Number         0  list.o ABSOLUTE
    ..\..\Source\portable\MemMang\heap_2.c   0x00000000   Number         0  heap_2.o ABSOLUTE
    ..\..\Source\portable\RVDS\ARM_CM3\port.c 0x00000000   Number         0  port.o ABSOLUTE
    ..\..\Source\queue.c                     0x00000000   Number         0  queue.o ABSOLUTE
    ..\..\Source\tasks.c                     0x00000000   Number         0  tasks.o ABSOLUTE
    ..\\..\\Source\\list.c                   0x00000000   Number         0  list.o ABSOLUTE
    ..\\..\\Source\\portable\\MemMang\\heap_2.c 0x00000000   Number         0  heap_2.o ABSOLUTE
    ..\\..\\Source\\portable\\RVDS\\ARM_CM3\\port.c 0x00000000   Number         0  port.o ABSOLUTE
    ..\\..\\Source\\queue.c                  0x00000000   Number         0  queue.o ABSOLUTE
    ..\\..\\Source\\tasks.c                  0x00000000   Number         0  tasks.o ABSOLUTE
    RTE\Device\LPC1769\startup_LPC17xx.s     0x00000000   Number         0  startup_lpc17xx.o ABSOLUTE
    RTE\Device\LPC1769\system_LPC17xx.c      0x00000000   Number         0  system_lpc17xx.o ABSOLUTE
    RTE\\Device\\LPC1769\\system_LPC17xx.c   0x00000000   Number         0  system_lpc17xx.o ABSOLUTE
    dc.s                                     0x00000000   Number         0  dc.o ABSOLUTE
    main.c                                   0x00000000   Number         0  main.o ABSOLUTE
    main.c                                   0x00000000   Number         0  main.o ABSOLUTE
    myTasks.c                                0x00000000   Number         0  mytasks.o ABSOLUTE
    myTasks.c                                0x00000000   Number         0  mytasks.o ABSOLUTE
    !!!main                                  0x000000cc   Section        8  __main.o(!!!main)
    !!!scatter                               0x000000d4   Section       52  __scatter.o(!!!scatter)
    !!handler_copy                           0x00000108   Section       26  __scatter_copy.o(!!handler_copy)
    !!handler_zi                             0x00000124   Section       28  __scatter_zi.o(!!handler_zi)
    .ARM.Collect$$_printf_percent$$00000000  0x00000140   Section        0  _printf_percent.o(.ARM.Collect$$_printf_percent$$00000000)
    .ARM.Collect$$_printf_percent$$00000009  0x00000140   Section        6  _printf_d.o(.ARM.Collect$$_printf_percent$$00000009)
    .ARM.Collect$$_printf_percent$$00000014  0x00000146   Section        6  _printf_s.o(.ARM.Collect$$_printf_percent$$00000014)
    .ARM.Collect$$_printf_percent$$00000017  0x0000014c   Section        4  _printf_percent_end.o(.ARM.Collect$$_printf_percent$$00000017)
    .ARM.Collect$$libinit$$00000000          0x00000150   Section        2  libinit.o(.ARM.Collect$$libinit$$00000000)
    .ARM.Collect$$libinit$$00000002          0x00000152   Section        0  libinit2.o(.ARM.Collect$$libinit$$00000002)
    .ARM.Collect$$libinit$$00000004          0x00000152   Section        0  libinit2.o(.ARM.Collect$$libinit$$00000004)
    .ARM.Collect$$libinit$$0000000A          0x00000152   Section        0  libinit2.o(.ARM.Collect$$libinit$$0000000A)
    .ARM.Collect$$libinit$$0000000C          0x00000152   Section        0  libinit2.o(.ARM.Collect$$libinit$$0000000C)
    .ARM.Collect$$libinit$$0000000D          0x00000152   Section        4  libinit2.o(.ARM.Collect$$libinit$$0000000D)
    .ARM.Collect$$libinit$$0000000E          0x00000156   Section        0  libinit2.o(.ARM.Collect$$libinit$$0000000E)
    .ARM.Collect$$libinit$$00000011          0x00000156   Section        0  libinit2.o(.ARM.Collect$$libinit$$00000011)
    .ARM.Collect$$libinit$$00000013          0x00000156   Section        0  libinit2.o(.ARM.Collect$$libinit$$00000013)
    .ARM.Collect$$libinit$$00000015          0x00000156   Section        0  libinit2.o(.ARM.Collect$$libinit$$00000015)
    .ARM.Collect$$libinit$$00000017          0x00000156   Section        0  libinit2.o(.ARM.Collect$$libinit$$00000017)
    .ARM.Collect$$libinit$$00000019          0x00000156   Section        0  libinit2.o(.ARM.Collect$$libinit$$00000019)
    .ARM.Collect$$libinit$$0000001B          0x00000156   Section        0  libinit2.o(.ARM.Collect$$libinit$$0000001B)
    .ARM.Collect$$libinit$$0000001D          0x00000156   Section        0  libinit2.o(.ARM.Collect$$libinit$$0000001D)
    .ARM.Collect$$libinit$$0000001F          0x00000156   Section        0  libinit2.o(.ARM.Collect$$libinit$$0000001F)
    .ARM.Collect$$libinit$$00000021          0x00000156   Section        0  libinit2.o(.ARM.Collect$$libinit$$00000021)
    .ARM.Collect$$libinit$$00000023          0x00000156   Section        0  libinit2.o(.ARM.Collect$$libinit$$00000023)
    .ARM.Collect$$libinit$$00000025          0x00000156   Section        0  libinit2.o(.ARM.Collect$$libinit$$00000025)
    .ARM.Collect$$libinit$$0000002C          0x00000156   Section        0  libinit2.o(.ARM.Collect$$libinit$$0000002C)
    .ARM.Collect$$libinit$$0000002E          0x00000156   Section        0  libinit2.o(.ARM.Collect$$libinit$$0000002E)
    .ARM.Collect$$libinit$$00000030          0x00000156   Section        0  libinit2.o(.ARM.Collect$$libinit$$00000030)
    .ARM.Collect$$libinit$$00000032          0x00000156   Section        0  libinit2.o(.ARM.Collect$$libinit$$00000032)
    .ARM.Collect$$libinit$$00000033          0x00000156   Section        2  libinit2.o(.ARM.Collect$$libinit$$00000033)
    .ARM.Collect$$libshutdown$$00000000      0x00000158   Section        2  libshutdown.o(.ARM.Collect$$libshutdown$$00000000)
    .ARM.Collect$$libshutdown$$00000002      0x0000015a   Section        0  libshutdown2.o(.ARM.Collect$$libshutdown$$00000002)
    .ARM.Collect$$libshutdown$$00000004      0x0000015a   Section        0  libshutdown2.o(.ARM.Collect$$libshutdown$$00000004)
    .ARM.Collect$$libshutdown$$00000007      0x0000015a   Section        0  libshutdown2.o(.ARM.Collect$$libshutdown$$00000007)
    .ARM.Collect$$libshutdown$$0000000A      0x0000015a   Section        0  libshutdown2.o(.ARM.Collect$$libshutdown$$0000000A)
    .ARM.Collect$$libshutdown$$0000000C      0x0000015a   Section        0  libshutdown2.o(.ARM.Collect$$libshutdown$$0000000C)
    .ARM.Collect$$libshutdown$$0000000F      0x0000015a   Section        0  libshutdown2.o(.ARM.Collect$$libshutdown$$0000000F)
    .ARM.Collect$$libshutdown$$00000010      0x0000015a   Section        2  libshutdown2.o(.ARM.Collect$$libshutdown$$00000010)
    .ARM.Collect$$rtentry$$00000000          0x0000015c   Section        0  __rtentry.o(.ARM.Collect$$rtentry$$00000000)
    .ARM.Collect$$rtentry$$00000002          0x0000015c   Section        0  __rtentry2.o(.ARM.Collect$$rtentry$$00000002)
    .ARM.Collect$$rtentry$$00000004          0x0000015c   Section        6  __rtentry4.o(.ARM.Collect$$rtentry$$00000004)
    .ARM.Collect$$rtentry$$00000009          0x00000162   Section        0  __rtentry2.o(.ARM.Collect$$rtentry$$00000009)
    .ARM.Collect$$rtentry$$0000000A          0x00000162   Section        4  __rtentry2.o(.ARM.Collect$$rtentry$$0000000A)
    .ARM.Collect$$rtentry$$0000000C          0x00000166   Section        0  __rtentry2.o(.ARM.Collect$$rtentry$$0000000C)
    .ARM.Collect$$rtentry$$0000000D          0x00000166   Section        8  __rtentry2.o(.ARM.Collect$$rtentry$$0000000D)
    .ARM.Collect$$rtexit$$00000000           0x0000016e   Section        2  rtexit.o(.ARM.Collect$$rtexit$$00000000)
    .ARM.Collect$$rtexit$$00000002           0x00000170   Section        0  rtexit2.o(.ARM.Collect$$rtexit$$00000002)
    .ARM.Collect$$rtexit$$00000003           0x00000170   Section        4  rtexit2.o(.ARM.Collect$$rtexit$$00000003)
    .ARM.Collect$$rtexit$$00000004           0x00000174   Section        6  rtexit2.o(.ARM.Collect$$rtexit$$00000004)
    .emb_text                                0x0000017c   Section      150  port.o(.emb_text)
    .emb_text                                0x00000214   Section       52  rand.o(.emb_text)
    .text                                    0x00000248   Section       60  startup_lpc17xx.o(.text)
    .text                                    0x00000284   Section        0  noretval__2sprintf.o(.text)
    .text                                    0x000002ac   Section        0  rand.o(.text)
    .text                                    0x000002e8   Section        0  heapauxi.o(.text)
    .text                                    0x000002ee   Section        0  _sputc.o(.text)
    .text                                    0x000002f8   Section        2  use_no_semi.o(.text)
    .text                                    0x000002fa   Section        0  indicate_semi.o(.text)
    .ARM.__at_0x02FC                         0x000002fc   Section        4  startup_lpc17xx.o(.ARM.__at_0x02FC)
    .text                                    0x00000300   Section        0  __printf.o(.text)
    .text                                    0x00000368   Section        0  _printf_str.o(.text)
    .text                                    0x000003bc   Section        0  _printf_dec.o(.text)
    .text                                    0x00000434   Section        0  strlen.o(.text)
    .text                                    0x00000472   Section        0  _printf_intcommon.o(.text)
    .text                                    0x00000524   Section        0  _printf_char_common.o(.text)
    _printf_input_char                       0x00000525   Thumb Code    10  _printf_char_common.o(.text)
    .text                                    0x00000554   Section        0  _printf_char.o(.text)
    .text                                    0x00000580   Section       74  sys_stackheap_outer.o(.text)
    .text                                    0x000005ca   Section        0  exit.o(.text)
    .text                                    0x000005dc   Section        8  libspace.o(.text)
    .text                                    0x000005e4   Section        0  sys_exit.o(.text)
    i.SysTick_Handler                        0x000005f0   Section        0  port.o(i.SysTick_Handler)
    i.SystemInit                             0x00000624   Section        0  system_lpc17xx.o(i.SystemInit)
    i.TFTinit                                0x00000764   Section        0  main.o(i.TFTinit)
    i.UART_SendString                        0x000009f4   Section        0  main.o(i.UART_SendString)
    i.WRITE_DATA                             0x00000a18   Section        0  main.o(i.WRITE_DATA)
    i.addDirectionToSequence                 0x00000a40   Section        0  main.o(i.addDirectionToSequence)
    i.displayArrow                           0x00000a64   Section        0  main.o(i.displayArrow)
    i.displayChar                            0x00000b10   Section        0  main.o(i.displayChar)
    i.displayMultipleArrows                  0x00000bb4   Section        0  main.o(i.displayMultipleArrows)
    i.displayScore                           0x00000c48   Section        0  main.o(i.displayScore)
    i.displaySequence                        0x00000c9c   Section        0  main.o(i.displaySequence)
    i.displaySequenceAndInput                0x00000cf0   Section        0  main.o(i.displaySequenceAndInput)
    i.drawProgressBar                        0x00000d3c   Section        0  main.o(i.drawProgressBar)
    i.drawString                             0x00000d84   Section        0  main.o(i.drawString)
    i.fillRectangle                          0x00000db8   Section        0  main.o(i.fillRectangle)
    i.fillScreen                             0x00000e24   Section        0  main.o(i.fillScreen)
    i.generateNextDirection                  0x00000e74   Section        0  main.o(i.generateNextDirection)
    i.initButtonPort                         0x00000e98   Section        0  main.o(i.initButtonPort)
    i.initButtonPorts                        0x00000eac   Section        0  main.o(i.initButtonPorts)
    i.initGame                               0x00000ec8   Section        0  main.o(i.initGame)
    i.initTFTGPIO                            0x00000f08   Section        0  main.o(i.initTFTGPIO)
    i.initUART                               0x00000f48   Section        0  main.o(i.initUART)
    i.main                                   0x00000f74   Section        0  main.o(i.main)
    i.playGame                               0x00000f78   Section        0  main.o(i.playGame)
    i.prvResetNextTaskUnblockTime            0x00001120   Section        0  tasks.o(i.prvResetNextTaskUnblockTime)
    prvResetNextTaskUnblockTime              0x00001121   Thumb Code    42  tasks.o(i.prvResetNextTaskUnblockTime)
    i.readButtonState                        0x00001154   Section        0  main.o(i.readButtonState)
    i.readPlayerInput                        0x00001170   Section        0  main.o(i.readPlayerInput)
    i.restartGame                            0x00001244   Section        0  main.o(i.restartGame)
    i.sendCMD                                0x00001318   Section        0  main.o(i.sendCMD)
    i.sendData                               0x00001340   Section        0  main.o(i.sendData)
    i.setArea                                0x0000137c   Section        0  main.o(i.setArea)
    i.setCol                                 0x000013e0   Section        0  main.o(i.setCol)
    i.setPage                                0x00001406   Section        0  main.o(i.setPage)
    i.uxListRemove                           0x0000142c   Section        0  list.o(i.uxListRemove)
    i.vListInsertEnd                         0x00001454   Section        0  list.o(i.vListInsertEnd)
    i.vTaskSwitchContext                     0x0000146c   Section        0  tasks.o(i.vTaskSwitchContext)
    i.writePixel                             0x000014cc   Section        0  main.o(i.writePixel)
    i.xTaskIncrementTick                     0x000014e0   Section        0  tasks.o(i.xTaskIncrementTick)
    .constdata                               0x000015fc   Section     2072  main.o(.constdata)
    .conststring                             0x00001e14   Section       26  main.o(.conststring)
    .data                                    0x10000000   Section       60  tasks.o(.data)
    pxDelayedTaskList                        0x10000004   Data           4  tasks.o(.data)
    pxOverflowDelayedTaskList                0x10000008   Data           4  tasks.o(.data)
    uxDeletedTasksWaitingCleanUp             0x1000000c   Data           4  tasks.o(.data)
    uxCurrentNumberOfTasks                   0x10000010   Data           4  tasks.o(.data)
    xTickCount                               0x10000014   Data           4  tasks.o(.data)
    uxTopReadyPriority                       0x10000018   Data           4  tasks.o(.data)
    xSchedulerRunning                        0x1000001c   Data           4  tasks.o(.data)
    uxPendedTicks                            0x10000020   Data           4  tasks.o(.data)
    xYieldPending                            0x10000024   Data           4  tasks.o(.data)
    xNumOfOverflows                          0x10000028   Data           4  tasks.o(.data)
    uxTaskNumber                             0x1000002c   Data           4  tasks.o(.data)
    xNextTaskUnblockTime                     0x10000030   Data           4  tasks.o(.data)
    xIdleTaskHandle                          0x10000034   Data           4  tasks.o(.data)
    uxSchedulerSuspended                     0x10000038   Data           4  tasks.o(.data)
    .data                                    0x1000003c   Section      144  main.o(.data)
    extended_font                            0x1000003c   Data         128  main.o(.data)
    .bss                                     0x100000cc   Section      180  tasks.o(.bss)
    pxReadyTasksLists                        0x100000cc   Data          80  tasks.o(.bss)
    xDelayedTaskList1                        0x1000011c   Data          20  tasks.o(.bss)
    xDelayedTaskList2                        0x10000130   Data          20  tasks.o(.bss)
    xPendingReadyList                        0x10000144   Data          20  tasks.o(.bss)
    xTasksWaitingTermination                 0x10000158   Data          20  tasks.o(.bss)
    xSuspendedTaskList                       0x1000016c   Data          20  tasks.o(.bss)
    .bss                                     0x10000180   Section       15  main.o(.bss)
    .bss                                     0x10000190   Section      228  rand.o(.bss)
    .bss                                     0x10000274   Section       96  libspace.o(.bss)
    HEAP                                     0x100002d8   Section        0  startup_lpc17xx.o(HEAP)
    STACK                                    0x100002d8   Section     1024  startup_lpc17xx.o(STACK)
    Heap_Mem                                 0x100002d8   Data           0  startup_lpc17xx.o(HEAP)
    Stack_Mem                                0x100002d8   Data        1024  startup_lpc17xx.o(STACK)
    __initial_sp                             0x100006d8   Data           0  startup_lpc17xx.o(STACK)

    Global Symbols

    Symbol Name                              Value     Ov Type        Size  Object(Section)

    BuildAttributes$$THM_ISAv4$P$D$K$B$S$PE$A:L22UL41UL21$X:L11$S22US41US21$IEEE1$IW$USESV6$~STKCKD$USESV7$~SHL$OSPACE$ROPI$EBA8$UX$STANDARDLIB$REQ8$PRES8$EABIv2 0x00000000   Number         0  anon$$obj.o ABSOLUTE
    __ARM_use_no_argv                        0x00000000   Number         0  main.o ABSOLUTE
    __Vectors                                0x00000000   Data           4  startup_lpc17xx.o(RESET)
    __ARM_exceptions_init                     - Undefined Weak Reference
    __alloca_initialize                       - Undefined Weak Reference
    __arm_preinit_                            - Undefined Weak Reference
    __cpp_initialize__aeabi_                  - Undefined Weak Reference
    __cxa_finalize                            - Undefined Weak Reference
    __rt_locale                               - Undefined Weak Reference
    __sigvec_lookup                           - Undefined Weak Reference
    _atexit_init                              - Undefined Weak Reference
    _call_atexit_fns                          - Undefined Weak Reference
    _clock_init                               - Undefined Weak Reference
    _fp_trap_init                             - Undefined Weak Reference
    _fp_trap_shutdown                         - Undefined Weak Reference
    _get_lc_collate                           - Undefined Weak Reference
    _get_lc_ctype                             - Undefined Weak Reference
    _get_lc_monetary                          - Undefined Weak Reference
    _get_lc_numeric                           - Undefined Weak Reference
    _get_lc_time                              - Undefined Weak Reference
    _getenv_init                              - Undefined Weak Reference
    _handle_redirection                       - Undefined Weak Reference
    _init_alloc                               - Undefined Weak Reference
    _init_user_alloc                          - Undefined Weak Reference
    _initio                                   - Undefined Weak Reference
    _printf_mbtowc                            - Undefined Weak Reference
    _printf_post_padding                      - Undefined Weak Reference
    _printf_pre_padding                       - Undefined Weak Reference
    _printf_truncate_signed                   - Undefined Weak Reference
    _printf_truncate_unsigned                 - Undefined Weak Reference
    _signal_finish                            - Undefined Weak Reference
    _signal_init                              - Undefined Weak Reference
    _terminate_alloc                          - Undefined Weak Reference
    _terminate_user_alloc                     - Undefined Weak Reference
    _terminateio                              - Undefined Weak Reference
    __main                                   0x000000cd   Thumb Code     8  __main.o(!!!main)
    __scatterload                            0x000000d5   Thumb Code     0  __scatter.o(!!!scatter)
    __scatterload_rt2                        0x000000d5   Thumb Code    44  __scatter.o(!!!scatter)
    __scatterload_rt2_thumb_only             0x000000d5   Thumb Code     0  __scatter.o(!!!scatter)
    __scatterload_null                       0x000000e3   Thumb Code     0  __scatter.o(!!!scatter)
    __scatterload_copy                       0x00000109   Thumb Code    26  __scatter_copy.o(!!handler_copy)
    __scatterload_zeroinit                   0x00000125   Thumb Code    28  __scatter_zi.o(!!handler_zi)
    _printf_d                                0x00000141   Thumb Code     0  _printf_d.o(.ARM.Collect$$_printf_percent$$00000009)
    _printf_percent                          0x00000141   Thumb Code     0  _printf_percent.o(.ARM.Collect$$_printf_percent$$00000000)
    _printf_s                                0x00000147   Thumb Code     0  _printf_s.o(.ARM.Collect$$_printf_percent$$00000014)
    _printf_percent_end                      0x0000014d   Thumb Code     0  _printf_percent_end.o(.ARM.Collect$$_printf_percent$$00000017)
    __rt_lib_init                            0x00000151   Thumb Code     0  libinit.o(.ARM.Collect$$libinit$$00000000)
    __rt_lib_init_fp_1                       0x00000153   Thumb Code     0  libinit2.o(.ARM.Collect$$libinit$$00000002)
    __rt_lib_init_heap_1                     0x00000153   Thumb Code     0  libinit2.o(.ARM.Collect$$libinit$$0000000A)
    __rt_lib_init_preinit_1                  0x00000153   Thumb Code     0  libinit2.o(.ARM.Collect$$libinit$$00000004)
    __rt_lib_init_rand_2                     0x00000153   Thumb Code     0  libinit2.o(.ARM.Collect$$libinit$$0000000D)
    __rt_lib_init_user_alloc_1               0x00000153   Thumb Code     0  libinit2.o(.ARM.Collect$$libinit$$0000000C)
    __rt_lib_init_alloca_1                   0x00000157   Thumb Code     0  libinit2.o(.ARM.Collect$$libinit$$0000002E)
    __rt_lib_init_argv_1                     0x00000157   Thumb Code     0  libinit2.o(.ARM.Collect$$libinit$$0000002C)
    __rt_lib_init_atexit_1                   0x00000157   Thumb Code     0  libinit2.o(.ARM.Collect$$libinit$$0000001B)
    __rt_lib_init_clock_1                    0x00000157   Thumb Code     0  libinit2.o(.ARM.Collect$$libinit$$00000021)
    __rt_lib_init_cpp_1                      0x00000157   Thumb Code     0  libinit2.o(.ARM.Collect$$libinit$$00000032)
    __rt_lib_init_exceptions_1               0x00000157   Thumb Code     0  libinit2.o(.ARM.Collect$$libinit$$00000030)
    __rt_lib_init_fp_trap_1                  0x00000157   Thumb Code     0  libinit2.o(.ARM.Collect$$libinit$$0000001F)
    __rt_lib_init_getenv_1                   0x00000157   Thumb Code     0  libinit2.o(.ARM.Collect$$libinit$$00000023)
    __rt_lib_init_lc_collate_1               0x00000157   Thumb Code     0  libinit2.o(.ARM.Collect$$libinit$$00000011)
    __rt_lib_init_lc_ctype_1                 0x00000157   Thumb Code     0  libinit2.o(.ARM.Collect$$libinit$$00000013)
    __rt_lib_init_lc_monetary_1              0x00000157   Thumb Code     0  libinit2.o(.ARM.Collect$$libinit$$00000015)
    __rt_lib_init_lc_numeric_1               0x00000157   Thumb Code     0  libinit2.o(.ARM.Collect$$libinit$$00000017)
    __rt_lib_init_lc_time_1                  0x00000157   Thumb Code     0  libinit2.o(.ARM.Collect$$libinit$$00000019)
    __rt_lib_init_rand_1                     0x00000157   Thumb Code     0  libinit2.o(.ARM.Collect$$libinit$$0000000E)
    __rt_lib_init_return                     0x00000157   Thumb Code     0  libinit2.o(.ARM.Collect$$libinit$$00000033)
    __rt_lib_init_signal_1                   0x00000157   Thumb Code     0  libinit2.o(.ARM.Collect$$libinit$$0000001D)
    __rt_lib_init_stdio_1                    0x00000157   Thumb Code     0  libinit2.o(.ARM.Collect$$libinit$$00000025)
    __rt_lib_shutdown                        0x00000159   Thumb Code     0  libshutdown.o(.ARM.Collect$$libshutdown$$00000000)
    __rt_lib_shutdown_cpp_1                  0x0000015b   Thumb Code     0  libshutdown2.o(.ARM.Collect$$libshutdown$$00000002)
    __rt_lib_shutdown_fp_trap_1              0x0000015b   Thumb Code     0  libshutdown2.o(.ARM.Collect$$libshutdown$$00000007)
    __rt_lib_shutdown_heap_1                 0x0000015b   Thumb Code     0  libshutdown2.o(.ARM.Collect$$libshutdown$$0000000F)
    __rt_lib_shutdown_return                 0x0000015b   Thumb Code     0  libshutdown2.o(.ARM.Collect$$libshutdown$$00000010)
    __rt_lib_shutdown_signal_1               0x0000015b   Thumb Code     0  libshutdown2.o(.ARM.Collect$$libshutdown$$0000000A)
    __rt_lib_shutdown_stdio_1                0x0000015b   Thumb Code     0  libshutdown2.o(.ARM.Collect$$libshutdown$$00000004)
    __rt_lib_shutdown_user_alloc_1           0x0000015b   Thumb Code     0  libshutdown2.o(.ARM.Collect$$libshutdown$$0000000C)
    __rt_entry                               0x0000015d   Thumb Code     0  __rtentry.o(.ARM.Collect$$rtentry$$00000000)
    __rt_entry_presh_1                       0x0000015d   Thumb Code     0  __rtentry2.o(.ARM.Collect$$rtentry$$00000002)
    __rt_entry_sh                            0x0000015d   Thumb Code     0  __rtentry4.o(.ARM.Collect$$rtentry$$00000004)
    __rt_entry_li                            0x00000163   Thumb Code     0  __rtentry2.o(.ARM.Collect$$rtentry$$0000000A)
    __rt_entry_postsh_1                      0x00000163   Thumb Code     0  __rtentry2.o(.ARM.Collect$$rtentry$$00000009)
    __rt_entry_main                          0x00000167   Thumb Code     0  __rtentry2.o(.ARM.Collect$$rtentry$$0000000D)
    __rt_entry_postli_1                      0x00000167   Thumb Code     0  __rtentry2.o(.ARM.Collect$$rtentry$$0000000C)
    __rt_exit                                0x0000016f   Thumb Code     0  rtexit.o(.ARM.Collect$$rtexit$$00000000)
    __rt_exit_ls                             0x00000171   Thumb Code     0  rtexit2.o(.ARM.Collect$$rtexit$$00000003)
    __rt_exit_prels_1                        0x00000171   Thumb Code     0  rtexit2.o(.ARM.Collect$$rtexit$$00000002)
    __rt_exit_exit                           0x00000175   Thumb Code     0  rtexit2.o(.ARM.Collect$$rtexit$$00000004)
    SVC_Handler                              0x0000017d   Thumb Code    32  port.o(.emb_text)
    __asm___6_port_c_39a90d8d__prvStartFirstTask 0x000001a1   Thumb Code    28  port.o(.emb_text)
    PendSV_Handler                           0x000001c1   Thumb Code    72  port.o(.emb_text)
    vPortGetIPSR                             0x0000020d   Thumb Code     6  port.o(.emb_text)
    rand                                     0x00000215   Thumb Code    48  rand.o(.emb_text)
    Reset_Handler                            0x00000249   Thumb Code     8  startup_lpc17xx.o(.text)
    NMI_Handler                              0x00000251   Thumb Code     2  startup_lpc17xx.o(.text)
    HardFault_Handler                        0x00000253   Thumb Code     2  startup_lpc17xx.o(.text)
    MemManage_Handler                        0x00000255   Thumb Code     2  startup_lpc17xx.o(.text)
    BusFault_Handler                         0x00000257   Thumb Code     2  startup_lpc17xx.o(.text)
    UsageFault_Handler                       0x00000259   Thumb Code     2  startup_lpc17xx.o(.text)
    DebugMon_Handler                         0x0000025d   Thumb Code     2  startup_lpc17xx.o(.text)
    ADC_IRQHandler                           0x00000263   Thumb Code     0  startup_lpc17xx.o(.text)
    BOD_IRQHandler                           0x00000263   Thumb Code     0  startup_lpc17xx.o(.text)
    CANActivity_IRQHandler                   0x00000263   Thumb Code     0  startup_lpc17xx.o(.text)
    CAN_IRQHandler                           0x00000263   Thumb Code     0  startup_lpc17xx.o(.text)
    DMA_IRQHandler                           0x00000263   Thumb Code     0  startup_lpc17xx.o(.text)
    EINT0_IRQHandler                         0x00000263   Thumb Code     0  startup_lpc17xx.o(.text)
    EINT1_IRQHandler                         0x00000263   Thumb Code     0  startup_lpc17xx.o(.text)
    EINT2_IRQHandler                         0x00000263   Thumb Code     0  startup_lpc17xx.o(.text)
    EINT3_IRQHandler                         0x00000263   Thumb Code     0  startup_lpc17xx.o(.text)
    ENET_IRQHandler                          0x00000263   Thumb Code     0  startup_lpc17xx.o(.text)
    I2C0_IRQHandler                          0x00000263   Thumb Code     0  startup_lpc17xx.o(.text)
    I2C1_IRQHandler                          0x00000263   Thumb Code     0  startup_lpc17xx.o(.text)
    I2C2_IRQHandler                          0x00000263   Thumb Code     0  startup_lpc17xx.o(.text)
    I2S_IRQHandler                           0x00000263   Thumb Code     0  startup_lpc17xx.o(.text)
    MCPWM_IRQHandler                         0x00000263   Thumb Code     0  startup_lpc17xx.o(.text)
    PLL0_IRQHandler                          0x00000263   Thumb Code     0  startup_lpc17xx.o(.text)
    PLL1_IRQHandler                          0x00000263   Thumb Code     0  startup_lpc17xx.o(.text)
    PWM1_IRQHandler                          0x00000263   Thumb Code     0  startup_lpc17xx.o(.text)
    QEI_IRQHandler                           0x00000263   Thumb Code     0  startup_lpc17xx.o(.text)
    RIT_IRQHandler                           0x00000263   Thumb Code     0  startup_lpc17xx.o(.text)
    RTC_IRQHandler                           0x00000263   Thumb Code     0  startup_lpc17xx.o(.text)
    SPI_IRQHandler                           0x00000263   Thumb Code     0  startup_lpc17xx.o(.text)
    SSP0_IRQHandler                          0x00000263   Thumb Code     0  startup_lpc17xx.o(.text)
    SSP1_IRQHandler                          0x00000263   Thumb Code     0  startup_lpc17xx.o(.text)
    TIMER0_IRQHandler                        0x00000263   Thumb Code     0  startup_lpc17xx.o(.text)
    TIMER1_IRQHandler                        0x00000263   Thumb Code     0  startup_lpc17xx.o(.text)
    TIMER2_IRQHandler                        0x00000263   Thumb Code     0  startup_lpc17xx.o(.text)
    TIMER3_IRQHandler                        0x00000263   Thumb Code     0  startup_lpc17xx.o(.text)
    UART0_IRQHandler                         0x00000263   Thumb Code     0  startup_lpc17xx.o(.text)
    UART1_IRQHandler                         0x00000263   Thumb Code     0  startup_lpc17xx.o(.text)
    UART2_IRQHandler                         0x00000263   Thumb Code     0  startup_lpc17xx.o(.text)
    UART3_IRQHandler                         0x00000263   Thumb Code     0  startup_lpc17xx.o(.text)
    USBActivity_IRQHandler                   0x00000263   Thumb Code     0  startup_lpc17xx.o(.text)
    USB_IRQHandler                           0x00000263   Thumb Code     0  startup_lpc17xx.o(.text)
    WDT_IRQHandler                           0x00000263   Thumb Code     0  startup_lpc17xx.o(.text)
    __user_initial_stackheap                 0x00000265   Thumb Code     0  startup_lpc17xx.o(.text)
    __2sprintf                               0x00000285   Thumb Code    34  noretval__2sprintf.o(.text)
    srand                                    0x000002ad   Thumb Code    42  rand.o(.text)
    _rand_init                               0x000002d7   Thumb Code     4  rand.o(.text)
    __use_two_region_memory                  0x000002e9   Thumb Code     2  heapauxi.o(.text)
    __rt_heap_escrow$2region                 0x000002eb   Thumb Code     2  heapauxi.o(.text)
    __rt_heap_expand$2region                 0x000002ed   Thumb Code     2  heapauxi.o(.text)
    _sputc                                   0x000002ef   Thumb Code    10  _sputc.o(.text)
    __I$use$semihosting                      0x000002f9   Thumb Code     0  use_no_semi.o(.text)
    __use_no_semihosting_swi                 0x000002f9   Thumb Code     2  use_no_semi.o(.text)
    __semihosting_library_function           0x000002fb   Thumb Code     0  indicate_semi.o(.text)
    __printf                                 0x00000301   Thumb Code   104  __printf.o(.text)
    _printf_str                              0x00000369   Thumb Code    82  _printf_str.o(.text)
    _printf_int_dec                          0x000003bd   Thumb Code   104  _printf_dec.o(.text)
    strlen                                   0x00000435   Thumb Code    62  strlen.o(.text)
    _printf_int_common                       0x00000473   Thumb Code   178  _printf_intcommon.o(.text)
    _printf_char_common                      0x0000052f   Thumb Code    32  _printf_char_common.o(.text)
    _printf_cs_common                        0x00000555   Thumb Code    20  _printf_char.o(.text)
    _printf_char                             0x00000569   Thumb Code    16  _printf_char.o(.text)
    _printf_string                           0x00000579   Thumb Code     8  _printf_char.o(.text)
    __user_setup_stackheap                   0x00000581   Thumb Code    74  sys_stackheap_outer.o(.text)
    exit                                     0x000005cb   Thumb Code    18  exit.o(.text)
    __user_libspace                          0x000005dd   Thumb Code     8  libspace.o(.text)
    __user_perproc_libspace                  0x000005dd   Thumb Code     0  libspace.o(.text)
    __user_perthread_libspace                0x000005dd   Thumb Code     0  libspace.o(.text)
    _sys_exit                                0x000005e5   Thumb Code     8  sys_exit.o(.text)
    SysTick_Handler                          0x000005f1   Thumb Code    46  port.o(i.SysTick_Handler)
    SystemInit                               0x00000625   Thumb Code   302  system_lpc17xx.o(i.SystemInit)
    TFTinit                                  0x00000765   Thumb Code   638  main.o(i.TFTinit)
    UART_SendString                          0x000009f5   Thumb Code    32  main.o(i.UART_SendString)
    WRITE_DATA                               0x00000a19   Thumb Code    36  main.o(i.WRITE_DATA)
    addDirectionToSequence                   0x00000a41   Thumb Code    26  main.o(i.addDirectionToSequence)
    displayArrow                             0x00000a65   Thumb Code   170  main.o(i.displayArrow)
    displayChar                              0x00000b11   Thumb Code   158  main.o(i.displayChar)
    displayMultipleArrows                    0x00000bb5   Thumb Code   144  main.o(i.displayMultipleArrows)
    displayScore                             0x00000c49   Thumb Code    80  main.o(i.displayScore)
    displaySequence                          0x00000c9d   Thumb Code    66  main.o(i.displaySequence)
    displaySequenceAndInput                  0x00000cf1   Thumb Code    50  main.o(i.displaySequenceAndInput)
    drawProgressBar                          0x00000d3d   Thumb Code    68  main.o(i.drawProgressBar)
    drawString                               0x00000d85   Thumb Code    52  main.o(i.drawString)
    fillRectangle                            0x00000db9   Thumb Code   102  main.o(i.fillRectangle)
    fillScreen                               0x00000e25   Thumb Code    74  main.o(i.fillScreen)
    generateNextDirection                    0x00000e75   Thumb Code    34  main.o(i.generateNextDirection)
    initButtonPort                           0x00000e99   Thumb Code    16  main.o(i.initButtonPort)
    initButtonPorts                          0x00000ead   Thumb Code    28  main.o(i.initButtonPorts)
    initGame                                 0x00000ec9   Thumb Code    26  main.o(i.initGame)
    initTFTGPIO                              0x00000f09   Thumb Code    52  main.o(i.initTFTGPIO)
    initUART                                 0x00000f49   Thumb Code    36  main.o(i.initUART)
    main                                     0x00000f75   Thumb Code     4  main.o(i.main)
    playGame                                 0x00000f79   Thumb Code   294  main.o(i.playGame)
    readButtonState                          0x00001155   Thumb Code    22  main.o(i.readButtonState)
    readPlayerInput                          0x00001171   Thumb Code   194  main.o(i.readPlayerInput)
    restartGame                              0x00001245   Thumb Code   198  main.o(i.restartGame)
    sendCMD                                  0x00001319   Thumb Code    36  main.o(i.sendCMD)
    sendData                                 0x00001341   Thumb Code    56  main.o(i.sendData)
    setArea                                  0x0000137d   Thumb Code   100  main.o(i.setArea)
    setCol                                   0x000013e1   Thumb Code    38  main.o(i.setCol)
    setPage                                  0x00001407   Thumb Code    38  main.o(i.setPage)
    uxListRemove                             0x0000142d   Thumb Code    40  list.o(i.uxListRemove)
    vListInsertEnd                           0x00001455   Thumb Code    24  list.o(i.vListInsertEnd)
    vTaskSwitchContext                       0x0000146d   Thumb Code    76  tasks.o(i.vTaskSwitchContext)
    writePixel                               0x000014cd   Thumb Code    18  main.o(i.writePixel)
    xTaskIncrementTick                       0x000014e1   Thumb Code   238  tasks.o(i.xTaskIncrementTick)
    up_image_data                            0x000015fc   Data        2048  main.o(.constdata)
    up_image_width                           0x00001dfc   Data           4  main.o(.constdata)
    up_image_height                          0x00001e00   Data           4  main.o(.constdata)
    Region$$Table$$Base                      0x00001e30   Number         0  anon$$obj.o(Region$$Table)
    Region$$Table$$Limit                     0x00001e50   Number         0  anon$$obj.o(Region$$Table)
    pxCurrentTCB                             0x10000000   Data           4  tasks.o(.data)
    sequenceLength                           0x100000bc   Data           4  main.o(.data)
    currentScore                             0x100000c0   Data           4  main.o(.data)
    bestScore                                0x100000c4   Data           4  main.o(.data)
    gen_alea                                 0x100000c8   Data           4  main.o(.data)
    sequence                                 0x10000180   Data          15  main.o(.bss)
    _random_number_data                      0x10000190   Data         228  rand.o(.bss)
    __libspace_start                         0x10000274   Data          96  libspace.o(.bss)
    __temporary_stack_top$libspace           0x100002d4   Data           0  libspace.o(.bss)



==============================================================================

Memory Map of the image

  Image Entry point : 0x00000249

  Load Region LR_1 (Base: 0x00000000, Size: 0x00001f1c, Max: 0xffffffff, ABSOLUTE)

    Execution Region ER_RO (Exec base: 0x00000000, Load base: 0x00000000, Size: 0x00001e50, Max: 0xffffffff, ABSOLUTE)

    Exec Addr    Load Addr    Size         Type   Attr      Idx    E Section Name        Object

    0x00000000   0x00000000   0x000000cc   Data   RO         1014    RESET               startup_lpc17xx.o
    0x000000cc   0x000000cc   0x00000008   Code   RO         1106  * !!!main             c_w.l(__main.o)
    0x000000d4   0x000000d4   0x00000034   Code   RO         1286    !!!scatter          c_w.l(__scatter.o)
    0x00000108   0x00000108   0x0000001a   Code   RO         1288    !!handler_copy      c_w.l(__scatter_copy.o)
    0x00000122   0x00000122   0x00000002   PAD
    0x00000124   0x00000124   0x0000001c   Code   RO         1290    !!handler_zi        c_w.l(__scatter_zi.o)
    0x00000140   0x00000140   0x00000000   Code   RO         1094    .ARM.Collect$$_printf_percent$$00000000  c_w.l(_printf_percent.o)
    0x00000140   0x00000140   0x00000006   Code   RO         1093    .ARM.Collect$$_printf_percent$$00000009  c_w.l(_printf_d.o)
    0x00000146   0x00000146   0x00000006   Code   RO         1092    .ARM.Collect$$_printf_percent$$00000014  c_w.l(_printf_s.o)
    0x0000014c   0x0000014c   0x00000004   Code   RO         1121    .ARM.Collect$$_printf_percent$$00000017  c_w.l(_printf_percent_end.o)
    0x00000150   0x00000150   0x00000002   Code   RO         1209    .ARM.Collect$$libinit$$00000000  c_w.l(libinit.o)
    0x00000152   0x00000152   0x00000000   Code   RO         1125    .ARM.Collect$$libinit$$00000002  c_w.l(libinit2.o)
    0x00000152   0x00000152   0x00000000   Code   RO         1127    .ARM.Collect$$libinit$$00000004  c_w.l(libinit2.o)
    0x00000152   0x00000152   0x00000000   Code   RO         1130    .ARM.Collect$$libinit$$0000000A  c_w.l(libinit2.o)
    0x00000152   0x00000152   0x00000000   Code   RO         1132    .ARM.Collect$$libinit$$0000000C  c_w.l(libinit2.o)
    0x00000152   0x00000152   0x00000004   Code   RO         1133    .ARM.Collect$$libinit$$0000000D  c_w.l(libinit2.o)
    0x00000156   0x00000156   0x00000000   Code   RO         1134    .ARM.Collect$$libinit$$0000000E  c_w.l(libinit2.o)
    0x00000156   0x00000156   0x00000000   Code   RO         1137    .ARM.Collect$$libinit$$00000011  c_w.l(libinit2.o)
    0x00000156   0x00000156   0x00000000   Code   RO         1139    .ARM.Collect$$libinit$$00000013  c_w.l(libinit2.o)
    0x00000156   0x00000156   0x00000000   Code   RO         1141    .ARM.Collect$$libinit$$00000015  c_w.l(libinit2.o)
    0x00000156   0x00000156   0x00000000   Code   RO         1143    .ARM.Collect$$libinit$$00000017  c_w.l(libinit2.o)
    0x00000156   0x00000156   0x00000000   Code   RO         1145    .ARM.Collect$$libinit$$00000019  c_w.l(libinit2.o)
    0x00000156   0x00000156   0x00000000   Code   RO         1147    .ARM.Collect$$libinit$$0000001B  c_w.l(libinit2.o)
    0x00000156   0x00000156   0x00000000   Code   RO         1149    .ARM.Collect$$libinit$$0000001D  c_w.l(libinit2.o)
    0x00000156   0x00000156   0x00000000   Code   RO         1151    .ARM.Collect$$libinit$$0000001F  c_w.l(libinit2.o)
    0x00000156   0x00000156   0x00000000   Code   RO         1153    .ARM.Collect$$libinit$$00000021  c_w.l(libinit2.o)
    0x00000156   0x00000156   0x00000000   Code   RO         1155    .ARM.Collect$$libinit$$00000023  c_w.l(libinit2.o)
    0x00000156   0x00000156   0x00000000   Code   RO         1157    .ARM.Collect$$libinit$$00000025  c_w.l(libinit2.o)
    0x00000156   0x00000156   0x00000000   Code   RO         1161    .ARM.Collect$$libinit$$0000002C  c_w.l(libinit2.o)
    0x00000156   0x00000156   0x00000000   Code   RO         1163    .ARM.Collect$$libinit$$0000002E  c_w.l(libinit2.o)
    0x00000156   0x00000156   0x00000000   Code   RO         1165    .ARM.Collect$$libinit$$00000030  c_w.l(libinit2.o)
    0x00000156   0x00000156   0x00000000   Code   RO         1167    .ARM.Collect$$libinit$$00000032  c_w.l(libinit2.o)
    0x00000156   0x00000156   0x00000002   Code   RO         1168    .ARM.Collect$$libinit$$00000033  c_w.l(libinit2.o)
    0x00000158   0x00000158   0x00000002   Code   RO         1253    .ARM.Collect$$libshutdown$$00000000  c_w.l(libshutdown.o)
    0x0000015a   0x0000015a   0x00000000   Code   RO         1269    .ARM.Collect$$libshutdown$$00000002  c_w.l(libshutdown2.o)
    0x0000015a   0x0000015a   0x00000000   Code   RO         1271    .ARM.Collect$$libshutdown$$00000004  c_w.l(libshutdown2.o)
    0x0000015a   0x0000015a   0x00000000   Code   RO         1274    .ARM.Collect$$libshutdown$$00000007  c_w.l(libshutdown2.o)
    0x0000015a   0x0000015a   0x00000000   Code   RO         1277    .ARM.Collect$$libshutdown$$0000000A  c_w.l(libshutdown2.o)
    0x0000015a   0x0000015a   0x00000000   Code   RO         1279    .ARM.Collect$$libshutdown$$0000000C  c_w.l(libshutdown2.o)
    0x0000015a   0x0000015a   0x00000000   Code   RO         1282    .ARM.Collect$$libshutdown$$0000000F  c_w.l(libshutdown2.o)
    0x0000015a   0x0000015a   0x00000002   Code   RO         1283    .ARM.Collect$$libshutdown$$00000010  c_w.l(libshutdown2.o)
    0x0000015c   0x0000015c   0x00000000   Code   RO         1108    .ARM.Collect$$rtentry$$00000000  c_w.l(__rtentry.o)
    0x0000015c   0x0000015c   0x00000000   Code   RO         1170    .ARM.Collect$$rtentry$$00000002  c_w.l(__rtentry2.o)
    0x0000015c   0x0000015c   0x00000006   Code   RO         1182    .ARM.Collect$$rtentry$$00000004  c_w.l(__rtentry4.o)
    0x00000162   0x00000162   0x00000000   Code   RO         1172    .ARM.Collect$$rtentry$$00000009  c_w.l(__rtentry2.o)
    0x00000162   0x00000162   0x00000004   Code   RO         1173    .ARM.Collect$$rtentry$$0000000A  c_w.l(__rtentry2.o)
    0x00000166   0x00000166   0x00000000   Code   RO         1175    .ARM.Collect$$rtentry$$0000000C  c_w.l(__rtentry2.o)
    0x00000166   0x00000166   0x00000008   Code   RO         1176    .ARM.Collect$$rtentry$$0000000D  c_w.l(__rtentry2.o)
    0x0000016e   0x0000016e   0x00000002   Code   RO         1215    .ARM.Collect$$rtexit$$00000000  c_w.l(rtexit.o)
    0x00000170   0x00000170   0x00000000   Code   RO         1235    .ARM.Collect$$rtexit$$00000002  c_w.l(rtexit2.o)
    0x00000170   0x00000170   0x00000004   Code   RO         1236    .ARM.Collect$$rtexit$$00000003  c_w.l(rtexit2.o)
    0x00000174   0x00000174   0x00000006   Code   RO         1237    .ARM.Collect$$rtexit$$00000004  c_w.l(rtexit2.o)
    0x0000017a   0x0000017a   0x00000002   PAD
    0x0000017c   0x0000017c   0x00000096   Code   RO          621    .emb_text           port.o
    0x00000212   0x00000212   0x00000002   PAD
    0x00000214   0x00000214   0x00000034   Code   RO         1095    .emb_text           c_w.l(rand.o)
    0x00000248   0x00000248   0x0000003c   Code   RO         1016  * .text               startup_lpc17xx.o
    0x00000284   0x00000284   0x00000028   Code   RO         1064    .text               c_w.l(noretval__2sprintf.o)
    0x000002ac   0x000002ac   0x0000003c   Code   RO         1096    .text               c_w.l(rand.o)
    0x000002e8   0x000002e8   0x00000006   Code   RO         1104    .text               c_w.l(heapauxi.o)
    0x000002ee   0x000002ee   0x0000000a   Code   RO         1117    .text               c_w.l(_sputc.o)
    0x000002f8   0x000002f8   0x00000002   Code   RO         1231    .text               c_w.l(use_no_semi.o)
    0x000002fa   0x000002fa   0x00000000   Code   RO         1233    .text               c_w.l(indicate_semi.o)
    0x000002fa   0x000002fa   0x00000002   PAD
    0x000002fc   0x000002fc   0x00000004   Code   RO         1015    .ARM.__at_0x02FC    startup_lpc17xx.o
    0x00000300   0x00000300   0x00000068   Code   RO         1066    .text               c_w.l(__printf.o)
    0x00000368   0x00000368   0x00000052   Code   RO         1068    .text               c_w.l(_printf_str.o)
    0x000003ba   0x000003ba   0x00000002   PAD
    0x000003bc   0x000003bc   0x00000078   Code   RO         1070    .text               c_w.l(_printf_dec.o)
    0x00000434   0x00000434   0x0000003e   Code   RO         1100    .text               c_w.l(strlen.o)
    0x00000472   0x00000472   0x000000b2   Code   RO         1113    .text               c_w.l(_printf_intcommon.o)
    0x00000524   0x00000524   0x00000030   Code   RO         1115    .text               c_w.l(_printf_char_common.o)
    0x00000554   0x00000554   0x0000002c   Code   RO         1119    .text               c_w.l(_printf_char.o)
    0x00000580   0x00000580   0x0000004a   Code   RO         1192    .text               c_w.l(sys_stackheap_outer.o)
    0x000005ca   0x000005ca   0x00000012   Code   RO         1194    .text               c_w.l(exit.o)
    0x000005dc   0x000005dc   0x00000008   Code   RO         1212    .text               c_w.l(libspace.o)
    0x000005e4   0x000005e4   0x0000000c   Code   RO         1229    .text               c_w.l(sys_exit.o)
    0x000005f0   0x000005f0   0x00000034   Code   RO          622    i.SysTick_Handler   port.o
    0x00000624   0x00000624   0x00000140   Code   RO         1026    i.SystemInit        system_lpc17xx.o
    0x00000764   0x00000764   0x00000290   Code   RO          710    i.TFTinit           main.o
    0x000009f4   0x000009f4   0x00000024   Code   RO          711    i.UART_SendString   main.o
    0x00000a18   0x00000a18   0x00000028   Code   RO          712    i.WRITE_DATA        main.o
    0x00000a40   0x00000a40   0x00000024   Code   RO          713    i.addDirectionToSequence  main.o
    0x00000a64   0x00000a64   0x000000aa   Code   RO          714    i.displayArrow      main.o
    0x00000b0e   0x00000b0e   0x00000002   PAD
    0x00000b10   0x00000b10   0x000000a4   Code   RO          715    i.displayChar       main.o
    0x00000bb4   0x00000bb4   0x00000094   Code   RO          716    i.displayMultipleArrows  main.o
    0x00000c48   0x00000c48   0x00000054   Code   RO          717    i.displayScore      main.o
    0x00000c9c   0x00000c9c   0x00000054   Code   RO          718    i.displaySequence   main.o
    0x00000cf0   0x00000cf0   0x0000004c   Code   RO          719    i.displaySequenceAndInput  main.o
    0x00000d3c   0x00000d3c   0x00000048   Code   RO          720    i.drawProgressBar   main.o
    0x00000d84   0x00000d84   0x00000034   Code   RO          721    i.drawString        main.o
    0x00000db8   0x00000db8   0x0000006c   Code   RO          722    i.fillRectangle     main.o
    0x00000e24   0x00000e24   0x00000050   Code   RO          723    i.fillScreen        main.o
    0x00000e74   0x00000e74   0x00000022   Code   RO          724    i.generateNextDirection  main.o
    0x00000e96   0x00000e96   0x00000002   PAD
    0x00000e98   0x00000e98   0x00000014   Code   RO          727    i.initButtonPort    main.o
    0x00000eac   0x00000eac   0x0000001c   Code   RO          728    i.initButtonPorts   main.o
    0x00000ec8   0x00000ec8   0x00000040   Code   RO          730    i.initGame          main.o
    0x00000f08   0x00000f08   0x00000040   Code   RO          731    i.initTFTGPIO       main.o
    0x00000f48   0x00000f48   0x0000002c   Code   RO          732    i.initUART          main.o
    0x00000f74   0x00000f74   0x00000004   Code   RO          733    i.main              main.o
    0x00000f78   0x00000f78   0x000001a8   Code   RO          734    i.playGame          main.o
    0x00001120   0x00001120   0x00000034   Code   RO          281    i.prvResetNextTaskUnblockTime  tasks.o
    0x00001154   0x00001154   0x0000001c   Code   RO          735    i.readButtonState   main.o
    0x00001170   0x00001170   0x000000d4   Code   RO          736    i.readPlayerInput   main.o
    0x00001244   0x00001244   0x000000d4   Code   RO          737    i.restartGame       main.o
    0x00001318   0x00001318   0x00000028   Code   RO          739    i.sendCMD           main.o
    0x00001340   0x00001340   0x0000003c   Code   RO          740    i.sendData          main.o
    0x0000137c   0x0000137c   0x00000064   Code   RO          741    i.setArea           main.o
    0x000013e0   0x000013e0   0x00000026   Code   RO          742    i.setCol            main.o
    0x00001406   0x00001406   0x00000026   Code   RO          743    i.setPage           main.o
    0x0000142c   0x0000142c   0x00000028   Code   RO            4    i.uxListRemove      list.o
    0x00001454   0x00001454   0x00000018   Code   RO            8    i.vListInsertEnd    list.o
    0x0000146c   0x0000146c   0x00000060   Code   RO          304    i.vTaskSwitchContext  tasks.o
    0x000014cc   0x000014cc   0x00000012   Code   RO          745    i.writePixel        main.o
    0x000014de   0x000014de   0x00000002   PAD
    0x000014e0   0x000014e0   0x0000011c   Code   RO          311    i.xTaskIncrementTick  tasks.o
    0x000015fc   0x000015fc   0x00000818   Data   RO          747    .constdata          main.o
    0x00001e14   0x00001e14   0x0000001a   Data   RO          748    .conststring        main.o
    0x00001e2e   0x00001e2e   0x00000002   PAD
    0x00001e30   0x00001e30   0x00000020   Data   RO         1284    Region$$Table       anon$$obj.o


    Execution Region ER_RW (Exec base: 0x10000000, Load base: 0x00001e50, Size: 0x000000cc, Max: 0xffffffff, ABSOLUTE)

    Exec Addr    Load Addr    Size         Type   Attr      Idx    E Section Name        Object

    0x10000000   0x00001e50   0x0000003c   Data   RW          318    .data               tasks.o
    0x1000003c   0x00001e8c   0x00000090   Data   RW          749    .data               main.o


    Execution Region ER_ZI (Exec base: 0x100000cc, Load base: 0x00001f1c, Size: 0x0000060c, Max: 0xffffffff, ABSOLUTE)

    Exec Addr    Load Addr    Size         Type   Attr      Idx    E Section Name        Object

    0x100000cc        -       0x000000b4   Zero   RW          317    .bss                tasks.o
    0x10000180        -       0x0000000f   Zero   RW          746    .bss                main.o
    0x1000018f   0x00001f1c   0x00000001   PAD
    0x10000190        -       0x000000e4   Zero   RW         1097    .bss                c_w.l(rand.o)
    0x10000274        -       0x00000060   Zero   RW         1213    .bss                c_w.l(libspace.o)
    0x100002d4   0x00001f1c   0x00000004   PAD
    0x100002d8        -       0x00000000   Zero   RW         1013    HEAP                startup_lpc17xx.o
    0x100002d8        -       0x00000400   Zero   RW         1012    STACK               startup_lpc17xx.o


==============================================================================

Image component sizes


      Code (inc. data)   RO Data    RW Data    ZI Data      Debug   Object Name

        64          0          0          0          0      14024   list.o
      3234        348       2098        144         15      24540   main.o
       202         18          0          0          0       4110   port.o
        64         26        204          0       1024       1308   startup_lpc17xx.o
       320         18          0          0          0        729   system_lpc17xx.o
       432         76          0         60        180      14721   tasks.o

    ----------------------------------------------------------------------
      4324        486       2336        204       1220      59432   Object Totals
         0          0         32          0          0          0   (incl. Generated)
         8          0          2          0          1          0   (incl. Padding)

    ----------------------------------------------------------------------

      Code (inc. data)   RO Data    RW Data    ZI Data      Debug   Library Member Name

         8          0          0          0          0         68   __main.o
       104          0          0          0          0         84   __printf.o
         0          0          0          0          0          0   __rtentry.o
        12          0          0          0          0          0   __rtentry2.o
         6          0          0          0          0          0   __rtentry4.o
        52          8          0          0          0          0   __scatter.o
        26          0          0          0          0          0   __scatter_copy.o
        28          0          0          0          0          0   __scatter_zi.o
        44          0          0          0          0        108   _printf_char.o
        48          6          0          0          0         96   _printf_char_common.o
         6          0          0          0          0          0   _printf_d.o
       120         16          0          0          0         92   _printf_dec.o
       178          0          0          0          0         88   _printf_intcommon.o
         0          0          0          0          0          0   _printf_percent.o
         4          0          0          0          0          0   _printf_percent_end.o
         6          0          0          0          0          0   _printf_s.o
        82          0          0          0          0         80   _printf_str.o
        10          0          0          0          0         68   _sputc.o
        18          0          0          0          0         80   exit.o
         6          0          0          0          0        152   heapauxi.o
         0          0          0          0          0          0   indicate_semi.o
         2          0          0          0          0          0   libinit.o
         6          0          0          0          0          0   libinit2.o
         2          0          0          0          0          0   libshutdown.o
         2          0          0          0          0          0   libshutdown2.o
         8          4          0          0         96         68   libspace.o
        40          6          0          0          0         84   noretval__2sprintf.o
       112         18          0          0        228        160   rand.o
         2          0          0          0          0          0   rtexit.o
        10          0          0          0          0          0   rtexit2.o
        62          0          0          0          0         76   strlen.o
        12          4          0          0          0         68   sys_exit.o
        74          0          0          0          0         80   sys_stackheap_outer.o
         2          0          0          0          0         68   use_no_semi.o

    ----------------------------------------------------------------------
      1100         62          0          0        328       1520   Library Totals
         8          0          0          0          4          0   (incl. Padding)

    ----------------------------------------------------------------------

      Code (inc. data)   RO Data    RW Data    ZI Data      Debug   Library Name

      1092         62          0          0        324       1520   c_w.l

    ----------------------------------------------------------------------
      1100         62          0          0        328       1520   Library Totals

    ----------------------------------------------------------------------

==============================================================================


      Code (inc. data)   RO Data    RW Data    ZI Data      Debug   

      5424        548       2336        204       1548      58348   Grand Totals
      5424        548       2336        204       1548      58348   ELF Image Totals
      5424        548       2336        204          0          0   ROM Totals

==============================================================================

    Total RO  Size (Code + RO Data)                 7760 (   7.58kB)
    Total RW  Size (RW Data + ZI Data)              1752 (   1.71kB)
    Total ROM Size (Code + RO Data + RW Data)       7964 (   7.78kB)

==============================================================================

